Component: ARM Compiler 5.05 update 1 (build 106) Tool: armlink [4d0efa]

==============================================================================

Section Cross References

    main.o(i.led0_task) refers to tasks.o(i.vTaskDelay) for vTaskDelay
    main.o(i.led1_task) refers to tasks.o(i.vTaskDelay) for vTaskDelay
    main.o(i.main) refers to misc.o(i.NVIC_PriorityGroupConfig) for NVIC_PriorityGroupConfig
    main.o(i.main) refers to delay.o(i.delay_init) for delay_init
    main.o(i.main) refers to usart.o(i.uart_init) for uart_init
    main.o(i.main) refers to led.o(i.LED_Init) for LED_Init
    main.o(i.main) refers to w25qxx.o(i.font_init) for font_init
    main.o(i.main) refers to lcd.o(i.LCD_Init) for LCD_Init
    main.o(i.main) refers to touch.o(i.TP_Init) for TP_Init
    main.o(i.main) refers to show.o(i.SHOW_Init) for SHOW_Init
    main.o(i.main) refers to adc.o(i.Adc_Init) for Adc_Init
    main.o(i.main) refers to contral_task.o(i.control_init) for control_init
    main.o(i.main) refers to tasks.o(i.xTaskCreate) for xTaskCreate
    main.o(i.main) refers to tasks.o(i.vTaskStartScheduler) for vTaskStartScheduler
    main.o(i.main) refers to main.o(.data) for .data
    main.o(i.main) refers to main.o(i.start_task) for start_task
    main.o(i.scan_task) refers to touch.o(i.TP_Scan) for TP_Scan
    main.o(i.scan_task) refers to show.o(i.TOUCH_key_v) for TOUCH_key_v
    main.o(i.scan_task) refers to tasks.o(i.vTaskDelay) for vTaskDelay
    main.o(i.start_task) refers to port.o(i.vPortEnterCritical) for vPortEnterCritical
    main.o(i.start_task) refers to queue.o(i.xQueueGenericCreate) for xQueueGenericCreate
    main.o(i.start_task) refers to tasks.o(i.xTaskCreate) for xTaskCreate
    main.o(i.start_task) refers to tasks.o(i.vTaskDelete) for vTaskDelete
    main.o(i.start_task) refers to port.o(i.vPortExitCritical) for vPortExitCritical
    main.o(i.start_task) refers to main.o(.data) for .data
    main.o(i.start_task) refers to main.o(i.led0_task) for led0_task
    main.o(i.start_task) refers to main.o(i.led1_task) for led1_task
    main.o(i.start_task) refers to main.o(i.scan_task) for scan_task
    system_stm32f10x.o(i.SystemCoreClockUpdate) refers to system_stm32f10x.o(.data) for .data
    system_stm32f10x.o(i.SystemInit) refers to system_stm32f10x.o(i.SetSysClockTo72) for SetSysClockTo72
    led.o(i.LED_Init) refers to stm32f10x_rcc.o(i.RCC_APB2PeriphClockCmd) for RCC_APB2PeriphClockCmd
    led.o(i.LED_Init) refers to stm32f10x_gpio.o(i.GPIO_Init) for GPIO_Init
    led.o(i.LED_Init) refers to stm32f10x_gpio.o(i.GPIO_SetBits) for GPIO_SetBits
    lcd.o(i.LCD_Clear) refers to lcd.o(i.LCD_SetCursor) for LCD_SetCursor
    lcd.o(i.LCD_Clear) refers to lcd.o(i.LCD_WriteRAM_Prepare) for LCD_WriteRAM_Prepare
    lcd.o(i.LCD_Clear) refers to lcd.o(.bss) for .bss
    lcd.o(i.LCD_Color_Fill) refers to lcd.o(i.LCD_SetCursor) for LCD_SetCursor
    lcd.o(i.LCD_Color_Fill) refers to lcd.o(i.LCD_WriteRAM_Prepare) for LCD_WriteRAM_Prepare
    lcd.o(i.LCD_DisplayOff) refers to lcd.o(i.LCD_WriteReg) for LCD_WriteReg
    lcd.o(i.LCD_DisplayOff) refers to lcd.o(.bss) for .bss
    lcd.o(i.LCD_DisplayOn) refers to lcd.o(i.LCD_WriteReg) for LCD_WriteReg
    lcd.o(i.LCD_DisplayOn) refers to lcd.o(.bss) for .bss
    lcd.o(i.LCD_Display_Dir) refers to lcd.o(i.LCD_Scan_Dir) for LCD_Scan_Dir
    lcd.o(i.LCD_Display_Dir) refers to lcd.o(.bss) for .bss
    lcd.o(i.LCD_DrawLine) refers to lcd.o(i.LCD_DrawPoint) for LCD_DrawPoint
    lcd.o(i.LCD_DrawPoint) refers to lcd.o(i.LCD_SetCursor) for LCD_SetCursor
    lcd.o(i.LCD_DrawPoint) refers to lcd.o(i.LCD_WriteRAM_Prepare) for LCD_WriteRAM_Prepare
    lcd.o(i.LCD_DrawPoint) refers to lcd.o(.data) for .data
    lcd.o(i.LCD_DrawRectangle) refers to lcd.o(i.LCD_DrawLine) for LCD_DrawLine
    lcd.o(i.LCD_Draw_Circle) refers to lcd.o(i.LCD_DrawPoint) for LCD_DrawPoint
    lcd.o(i.LCD_Fast_DrawPoint) refers to lcd.o(i.LCD_WriteReg) for LCD_WriteReg
    lcd.o(i.LCD_Fast_DrawPoint) refers to lcd.o(.bss) for .bss
    lcd.o(i.LCD_Fill) refers to lcd.o(i.LCD_SetCursor) for LCD_SetCursor
    lcd.o(i.LCD_Fill) refers to lcd.o(i.LCD_WriteRAM_Prepare) for LCD_WriteRAM_Prepare
    lcd.o(i.LCD_Fill) refers to lcd.o(.bss) for .bss
    lcd.o(i.LCD_Init) refers to _printf_percent.o(.ARM.Collect$$_printf_percent$$00000000) for _printf_percent
    lcd.o(i.LCD_Init) refers to _printf_x.o(.ARM.Collect$$_printf_percent$$0000000C) for _printf_x
    lcd.o(i.LCD_Init) refers to _printf_hex_int.o(.text) for _printf_longlong_hex
    lcd.o(i.LCD_Init) refers to stm32f10x_rcc.o(i.RCC_AHBPeriphClockCmd) for RCC_AHBPeriphClockCmd
    lcd.o(i.LCD_Init) refers to stm32f10x_rcc.o(i.RCC_APB2PeriphClockCmd) for RCC_APB2PeriphClockCmd
    lcd.o(i.LCD_Init) refers to stm32f10x_gpio.o(i.GPIO_Init) for GPIO_Init
    lcd.o(i.LCD_Init) refers to stm32f10x_fsmc.o(i.FSMC_NORSRAMInit) for FSMC_NORSRAMInit
    lcd.o(i.LCD_Init) refers to stm32f10x_fsmc.o(i.FSMC_NORSRAMCmd) for FSMC_NORSRAMCmd
[...]
    x$fpl$fflt                               0x08008bf4   Section       48  fflt_clz.o(x$fpl$fflt)
    x$fpl$ffltu                              0x08008c24   Section       38  fflt_clz.o(x$fpl$ffltu)
    x$fpl$fmul                               0x08008c4c   Section      258  fmul.o(x$fpl$fmul)
    x$fpl$fnaninf                            0x08008d4e   Section      140  fnaninf.o(x$fpl$fnaninf)
    x$fpl$fretinf                            0x08008dda   Section       10  fretinf.o(x$fpl$fretinf)
    x$fpl$fsub                               0x08008de4   Section      234  faddsub_clz.o(x$fpl$fsub)
    _fsub1                                   0x08008df3   Thumb Code     0  faddsub_clz.o(x$fpl$fsub)
    x$fpl$retnan                             0x08008ece   Section      100  retnan.o(x$fpl$retnan)
    x$fpl$scalbnf                            0x08008f32   Section       76  scalbnf.o(x$fpl$scalbnf)
    x$fpl$trapveneer                         0x08008f7e   Section       48  trapv.o(x$fpl$trapveneer)
    .constdata                               0x08008fae   Section     6080  lcd.o(.constdata)
    x$fpl$usenofp                            0x08008fae   Section        0  usenofp.o(x$fpl$usenofp)
    .constdata                               0x0800a770   Section        4  touch.o(.constdata)
    .constdata                               0x0800a774   Section       40  _printf_hex_int.o(.constdata)
    uc_hextab                                0x0800a774   Data          20  _printf_hex_int.o(.constdata)
    lc_hextab                                0x0800a788   Data          20  _printf_hex_int.o(.constdata)
    .conststring                             0x0800a79c   Section      121  touch.o(.conststring)
    .data                                    0x20000000   Section        1  main.o(.data)
    .data                                    0x20000004   Section       20  main.o(.data)
    .data                                    0x20000018   Section       20  system_stm32f10x.o(.data)
    .data                                    0x2000002c   Section        4  lcd.o(.data)
    .data                                    0x20000030   Section        4  show.o(.data)
    .data                                    0x20000034   Section        2  w25qxx.o(.data)
    .data                                    0x20000038   Section       56  touch.o(.data)
    .data                                    0x20000070   Section        4  delay.o(.data)
    fac_us                                   0x20000070   Data           1  delay.o(.data)
    fac_ms                                   0x20000072   Data           2  delay.o(.data)
    .data                                    0x20000074   Section        2  usart.o(.data)
    .data                                    0x20000078   Section        4  usart.o(.data)
    .data                                    0x2000007c   Section       20  stm32f10x_rcc.o(.data)
    ADCPrescTable                            0x2000007c   Data           4  stm32f10x_rcc.o(.data)
    APBAHBPrescTable                         0x20000080   Data          16  stm32f10x_rcc.o(.data)
    .data                                    0x20000090   Section       60  tasks.o(.data)
    uxDeletedTasksWaitingCleanUp             0x20000094   Data           4  tasks.o(.data)
    uxCurrentNumberOfTasks                   0x20000098   Data           4  tasks.o(.data)
    xTickCount                               0x2000009c   Data           4  tasks.o(.data)
    uxTopReadyPriority                       0x200000a0   Data           4  tasks.o(.data)
    xSchedulerRunning                        0x200000a4   Data           4  tasks.o(.data)
    uxPendedTicks                            0x200000a8   Data           4  tasks.o(.data)
    xYieldPending                            0x200000ac   Data           4  tasks.o(.data)
    xNumOfOverflows                          0x200000b0   Data           4  tasks.o(.data)
    uxTaskNumber                             0x200000b4   Data           4  tasks.o(.data)
    xNextTaskUnblockTime                     0x200000b8   Data           4  tasks.o(.data)
    xIdleTaskHandle                          0x200000bc   Data           4  tasks.o(.data)
    uxSchedulerSuspended                     0x200000c0   Data           4  tasks.o(.data)
    pxDelayedTaskList                        0x200000c4   Data           4  tasks.o(.data)
    pxOverflowDelayedTaskList                0x200000c8   Data           4  tasks.o(.data)
    .data                                    0x200000cc   Section       20  timers.o(.data)
    xTimerQueue                              0x200000cc   Data           4  timers.o(.data)
    xTimerTaskHandle                         0x200000d0   Data           4  timers.o(.data)
    xLastTime                                0x200000d4   Data           4  timers.o(.data)
    pxCurrentTimerList                       0x200000d8   Data           4  timers.o(.data)
    pxOverflowTimerList                      0x200000dc   Data           4  timers.o(.data)
    .data                                    0x200000e0   Section       24  heap_4.o(.data)
    pxEnd                                    0x200000e0   Data           4  heap_4.o(.data)
    xFreeBytesRemaining                      0x200000e4   Data           4  heap_4.o(.data)
    xMinimumEverFreeBytesRemaining           0x200000e8   Data           4  heap_4.o(.data)
    xBlockAllocatedBit                       0x200000ec   Data           4  heap_4.o(.data)
    xStart                                   0x200000f0   Data           8  heap_4.o(.data)
    .data                                    0x200000f8   Section       12  port.o(.data)
    ucMaxSysCallPriority                     0x200000f8   Data           1  port.o(.data)
    uxCriticalNesting                        0x200000fc   Data           4  port.o(.data)
    ulMaxPRIGROUPValue                       0x20000100   Data           4  port.o(.data)
    .bss                                     0x20000104   Section       14  lcd.o(.bss)
    .bss                                     0x20000112   Section       33  text.o(.bss)
    .bss                                     0x20000134   Section     2048  stmflash.o(.bss)
    .bss                                     0x20000934   Section      200  usart.o(.bss)
    .bss                                     0x200009fc   Section       64  queue.o(.bss)
    .bss                                     0x20000a3c   Section      740  tasks.o(.bss)
    pxReadyTasksLists                        0x20000a3c   Data         640  tasks.o(.bss)
    xDelayedTaskList1                        0x20000cbc   Data          20  tasks.o(.bss)
    xDelayedTaskList2                        0x20000cd0   Data          20  tasks.o(.bss)
    xPendingReadyList                        0x20000ce4   Data          20  tasks.o(.bss)
    xTasksWaitingTermination                 0x20000cf8   Data          20  tasks.o(.bss)
    xSuspendedTaskList                       0x20000d0c   Data          20  tasks.o(.bss)
    .bss                                     0x20000d20   Section       40  timers.o(.bss)
    xActiveTimerList1                        0x20000d20   Data          20  timers.o(.bss)
    xActiveTimerList2                        0x20000d34   Data          20  timers.o(.bss)
    .bss                                     0x20000d48   Section    20480  heap_4.o(.bss)
    ucHeap                                   0x20000d48   Data       20480  heap_4.o(.bss)
    .bss                                     0x20005d48   Section       96  libspace.o(.bss)
    HEAP                                     0x20005da8   Section      512  startup_stm32f10x_hd.o(HEAP)
    Heap_Mem                                 0x20005da8   Data         512  startup_stm32f10x_hd.o(HEAP)
    STACK                                    0x20005fa8   Section     1024  startup_stm32f10x_hd.o(STACK)
    Stack_Mem                                0x20005fa8   Data        1024  startup_stm32f10x_hd.o(STACK)
    __initial_sp                             0x200063a8   Data           0  startup_stm32f10x_hd.o(STACK)

    Global Symbols

    Symbol Name                              Value     Ov Type        Size  Object(Section)

    BuildAttributes$$THM_ISAv4$P$D$K$B$S$PE$A:L22UL41UL21$X:L11$S22US41US21$IEEE1$IW$USESV6$~STKCKD$USESV7$~SHL$OTIME$ROPI$IEEEJ$EBA8$UX$STANDARDLIB$REQ8$PRES8$EABIv2 0x00000000   Number         0  anon$$obj.o ABSOLUTE
    __ARM_use_no_argv                        0x00000000   Number         0  main.o ABSOLUTE
    __ARM_exceptions_init                     - Undefined Weak Reference
    __alloca_initialize                       - Undefined Weak Reference
    __arm_preinit_                            - Undefined Weak Reference
    __cpp_initialize__aeabi_                  - Undefined Weak Reference
    __cxa_finalize                            - Undefined Weak Reference
    __rt_locale                               - Undefined Weak Reference
    __sigvec_lookup                           - Undefined Weak Reference
    _atexit_init                              - Undefined Weak Reference
    _call_atexit_fns                          - Undefined Weak Reference
    _clock_init                               - Undefined Weak Reference
    _fp_trap_init                             - Undefined Weak Reference
    _fp_trap_shutdown                         - Undefined Weak Reference
    _get_lc_collate                           - Undefined Weak Reference
    _get_lc_ctype                             - Undefined Weak Reference
    _get_lc_monetary                          - Undefined Weak Reference
    _get_lc_numeric                           - Undefined Weak Reference
    _get_lc_time                              - Undefined Weak Reference
    _getenv_init                              - Undefined Weak Reference
    _handle_redirection                       - Undefined Weak Reference
    _init_alloc                               - Undefined Weak Reference
    _init_user_alloc                          - Undefined Weak Reference
    _initio                                   - Undefined Weak Reference
    _mutex_acquire                            - Undefined Weak Reference
    _mutex_release                            - Undefined Weak Reference
    _printf_mbtowc                            - Undefined Weak Reference
    _printf_post_padding                      - Undefined Weak Reference
    _printf_pre_padding                       - Undefined Weak Reference
    _printf_truncate_signed                   - Undefined Weak Reference
    _printf_truncate_unsigned                 - Undefined Weak Reference
    _rand_init                                - Undefined Weak Reference
    _signal_finish                            - Undefined Weak Reference
    _signal_init                              - Undefined Weak Reference
    _terminate_alloc                          - Undefined Weak Reference
    _terminate_user_alloc                     - Undefined Weak Reference
    _terminateio                              - Undefined Weak Reference
    __Vectors_Size                           0x00000130   Number         0  startup_stm32f10x_hd.o ABSOLUTE
    __Vectors                                0x08000000   Data           4  startup_stm32f10x_hd.o(RESET)
    __Vectors_End                            0x08000130   Data           0  startup_stm32f10x_hd.o(RESET)
    __main                                   0x08000131   Thumb Code     8  __main.o(!!!main)
    __scatterload                            0x08000139   Thumb Code     0  __scatter.o(!!!scatter)
    __scatterload_rt2                        0x08000139   Thumb Code    44  __scatter.o(!!!scatter)
    __scatterload_rt2_thumb_only             0x08000139   Thumb Code     0  __scatter.o(!!!scatter)
    __scatterload_null                       0x08000147   Thumb Code     0  __scatter.o(!!!scatter)
    __scatterload_copy                       0x0800016d   Thumb Code    26  __scatter_copy.o(!!handler_copy)
    __scatterload_zeroinit                   0x08000189   Thumb Code    28  __scatter_zi.o(!!handler_zi)
    _printf_d                                0x080001a5   Thumb Code     0  _printf_d.o(.ARM.Collect$$_printf_percent$$00000009)
    _printf_percent                          0x080001a5   Thumb Code     0  _printf_percent.o(.ARM.Collect$$_printf_percent$$00000000)
    _printf_x                                0x080001ab   Thumb Code     0  _printf_x.o(.ARM.Collect$$_printf_percent$$0000000C)
    _printf_s                                0x080001b1   Thumb Code     0  _printf_s.o(.ARM.Collect$$_printf_percent$$00000014)
    _printf_percent_end                      0x080001b7   Thumb Code     0  _printf_percent_end.o(.ARM.Collect$$_printf_percent$$00000017)
    __rt_lib_init                            0x080001bb   Thumb Code     0  libinit.o(.ARM.Collect$$libinit$$00000000)
    __rt_lib_init_alloca_1                   0x080001bd   Thumb Code     0  libinit2.o(.ARM.Collect$$libinit$$0000002E)
    __rt_lib_init_argv_1                     0x080001bd   Thumb Code     0  libinit2.o(.ARM.Collect$$libinit$$0000002C)
    __rt_lib_init_atexit_1                   0x080001bd   Thumb Code     0  libinit2.o(.ARM.Collect$$libinit$$0000001B)
    __rt_lib_init_clock_1                    0x080001bd   Thumb Code     0  libinit2.o(.ARM.Collect$$libinit$$00000021)
    __rt_lib_init_cpp_1                      0x080001bd   Thumb Code     0  libinit2.o(.ARM.Collect$$libinit$$00000032)
    __rt_lib_init_exceptions_1               0x080001bd   Thumb Code     0  libinit2.o(.ARM.Collect$$libinit$$00000030)
    __rt_lib_init_fp_1                       0x080001bd   Thumb Code     0  libinit2.o(.ARM.Collect$$libinit$$00000002)
    __rt_lib_init_fp_trap_1                  0x080001bd   Thumb Code     0  libinit2.o(.ARM.Collect$$libinit$$0000001F)
    __rt_lib_init_getenv_1                   0x080001bd   Thumb Code     0  libinit2.o(.ARM.Collect$$libinit$$00000023)
    __rt_lib_init_heap_1                     0x080001bd   Thumb Code     0  libinit2.o(.ARM.Collect$$libinit$$0000000A)
    __rt_lib_init_lc_collate_1               0x080001bd   Thumb Code     0  libinit2.o(.ARM.Collect$$libinit$$00000011)
    __rt_lib_init_lc_ctype_1                 0x080001bd   Thumb Code     0  libinit2.o(.ARM.Collect$$libinit$$00000013)
    __rt_lib_init_lc_monetary_1              0x080001bd   Thumb Code     0  libinit2.o(.ARM.Collect$$libinit$$00000015)
    __rt_lib_init_lc_numeric_1               0x080001bd   Thumb Code     0  libinit2.o(.ARM.Collect$$libinit$$00000017)
    __rt_lib_init_lc_time_1                  0x080001bd   Thumb Code     0  libinit2.o(.ARM.Collect$$libinit$$00000019)
    __rt_lib_init_preinit_1                  0x080001bd   Thumb Code     0  libinit2.o(.ARM.Collect$$libinit$$00000004)
    __rt_lib_init_rand_1                     0x080001bd   Thumb Code     0  libinit2.o(.ARM.Collect$$libinit$$0000000E)
    __rt_lib_init_return                     0x080001bd   Thumb Code     0  libinit2.o(.ARM.Collect$$libinit$$00000033)
    __rt_lib_init_signal_1                   0x080001bd   Thumb Code     0  libinit2.o(.ARM.Collect$$libinit$$0000001D)
    __rt_lib_init_stdio_1                    0x080001bd   Thumb Code     0  libinit2.o(.ARM.Collect$$libinit$$00000025)
    __rt_lib_init_user_alloc_1               0x080001bd   Thumb Code     0  libinit2.o(.ARM.Collect$$libinit$$0000000C)
    __rt_lib_shutdown                        0x080001bf   Thumb Code     0  libshutdown.o(.ARM.Collect$$libshutdown$$00000000)
    __rt_lib_shutdown_fp_trap_1              0x080001c1   Thumb Code     0  libshutdown2.o(.ARM.Collect$$libshutdown$$00000006)
    __rt_lib_shutdown_heap_1                 0x080001c1   Thumb Code     0  libshutdown2.o(.ARM.Collect$$libshutdown$$0000000E)
    __rt_lib_shutdown_return                 0x080001c1   Thumb Code     0  libshutdown2.o(.ARM.Collect$$libshutdown$$0000000F)
    __rt_lib_shutdown_signal_1               0x080001c1   Thumb Code     0  libshutdown2.o(.ARM.Collect$$libshutdown$$00000009)
    __rt_lib_shutdown_stdio_1                0x080001c1   Thumb Code     0  libshutdown2.o(.ARM.Collect$$libshutdown$$00000003)
    __rt_lib_shutdown_user_alloc_1           0x080001c1   Thumb Code     0  libshutdown2.o(.ARM.Collect$$libshutdown$$0000000B)
    __rt_entry                               0x080001c3   Thumb Code     0  __rtentry.o(.ARM.Collect$$rtentry$$00000000)
    __rt_entry_presh_1                       0x080001c3   Thumb Code     0  __rtentry2.o(.ARM.Collect$$rtentry$$00000002)
    __rt_entry_sh                            0x080001c3   Thumb Code     0  __rtentry4.o(.ARM.Collect$$rtentry$$00000004)
    __rt_entry_li                            0x080001c9   Thumb Code     0  __rtentry2.o(.ARM.Collect$$rtentry$$0000000A)
    __rt_entry_postsh_1                      0x080001c9   Thumb Code     0  __rtentry2.o(.ARM.Collect$$rtentry$$00000009)
    __rt_entry_main                          0x080001cd   Thumb Code     0  __rtentry2.o(.ARM.Collect$$rtentry$$0000000D)
    __rt_entry_postli_1                      0x080001cd   Thumb Code     0  __rtentry2.o(.ARM.Collect$$rtentry$$0000000C)
    __rt_exit                                0x080001d5   Thumb Code     0  rtexit.o(.ARM.Collect$$rtexit$$00000000)
    __rt_exit_ls                             0x080001d7   Thumb Code     0  rtexit2.o(.ARM.Collect$$rtexit$$00000003)
    __rt_exit_prels_1                        0x080001d7   Thumb Code     0  rtexit2.o(.ARM.Collect$$rtexit$$00000002)
    __rt_exit_exit                           0x080001db   Thumb Code     0  rtexit2.o(.ARM.Collect$$rtexit$$00000004)
    SVC_Handler                              0x080001e1   Thumb Code    32  port.o(.emb_text)
    __asm___6_port_c_39a90d8d__prvStartFirstTask 0x08000205   Thumb Code    28  port.o(.emb_text)
    PendSV_Handler                           0x08000225   Thumb Code    72  port.o(.emb_text)
    vPortGetIPSR                             0x08000271   Thumb Code     6  port.o(.emb_text)
    Reset_Handler                            0x08000279   Thumb Code     8  startup_stm32f10x_hd.o(.text)
    ADC1_2_IRQHandler                        0x08000293   Thumb Code     0  startup_stm32f10x_hd.o(.text)
    ADC3_IRQHandler                          0x08000293   Thumb Code     0  startup_stm32f10x_hd.o(.text)
    CAN1_RX1_IRQHandler                      0x08000293   Thumb Code     0  startup_stm32f10x_hd.o(.text)
    CAN1_SCE_IRQHandler                      0x08000293   Thumb Code     0  startup_stm32f10x_hd.o(.text)
    DMA1_Channel1_IRQHandler                 0x08000293   Thumb Code     0  startup_stm32f10x_hd.o(.text)
    DMA1_Channel2_IRQHandler                 0x08000293   Thumb Code     0  startup_stm32f10x_hd.o(.text)
    DMA1_Channel3_IRQHandler                 0x08000293   Thumb Code     0  startup_stm32f10x_hd.o(.text)
    DMA1_Channel4_IRQHandler                 0x08000293   Thumb Code     0  startup_stm32f10x_hd.o(.text)
    DMA1_Channel5_IRQHandler                 0x08000293   Thumb Code     0  startup_stm32f10x_hd.o(.text)
    DMA1_Channel6_IRQHandler                 0x08000293   Thumb Code     0  startup_stm32f10x_hd.o(.text)
    DMA1_Channel7_IRQHandler                 0x08000293   Thumb Code     0  startup_stm32f10x_hd.o(.text)
    DMA2_Channel1_IRQHandler                 0x08000293   Thumb Code     0  startup_stm32f10x_hd.o(.text)
    DMA2_Channel2_IRQHandler                 0x08000293   Thumb Code     0  startup_stm32f10x_hd.o(.text)
    DMA2_Channel3_IRQHandler                 0x08000293   Thumb Code     0  startup_stm32f10x_hd.o(.text)
    DMA2_Channel4_5_IRQHandler               0x08000293   Thumb Code     0  startup_stm32f10x_hd.o(.text)
    EXTI0_IRQHandler                         0x08000293   Thumb Code     0  startup_stm32f10x_hd.o(.text)
    EXTI15_10_IRQHandler                     0x08000293   Thumb Code     0  startup_stm32f10x_hd.o(.text)
    EXTI1_IRQHandler                         0x08000293   Thumb Code     0  startup_stm32f10x_hd.o(.text)
    EXTI2_IRQHandler                         0x08000293   Thumb Code     0  startup_stm32f10x_hd.o(.text)
    EXTI3_IRQHandler                         0x08000293   Thumb Code     0  startup_stm32f10x_hd.o(.text)
    EXTI4_IRQHandler                         0x08000293   Thumb Code     0  startup_stm32f10x_hd.o(.text)
    EXTI9_5_IRQHandler                       0x08000293   Thumb Code     0  startup_stm32f10x_hd.o(.text)
    FLASH_IRQHandler                         0x08000293   Thumb Code     0  startup_stm32f10x_hd.o(.text)
    FSMC_IRQHandler                          0x08000293   Thumb Code     0  startup_stm32f10x_hd.o(.text)
    I2C1_ER_IRQHandler                       0x08000293   Thumb Code     0  startup_stm32f10x_hd.o(.text)
    I2C1_EV_IRQHandler                       0x08000293   Thumb Code     0  startup_stm32f10x_hd.o(.text)
    I2C2_ER_IRQHandler                       0x08000293   Thumb Code     0  startup_stm32f10x_hd.o(.text)
    I2C2_EV_IRQHandler                       0x08000293   Thumb Code     0  startup_stm32f10x_hd.o(.text)
    PVD_IRQHandler                           0x08000293   Thumb Code     0  startup_stm32f10x_hd.o(.text)
    RCC_IRQHandler                           0x08000293   Thumb Code     0  startup_stm32f10x_hd.o(.text)
    RTCAlarm_IRQHandler                      0x08000293   Thumb Code     0  startup_stm32f10x_hd.o(.text)
    RTC_IRQHandler                           0x08000293   Thumb Code     0  startup_stm32f10x_hd.o(.text)
    SDIO_IRQHandler                          0x08000293   Thumb Code     0  startup_stm32f10x_hd.o(.text)
    SPI1_IRQHandler                          0x08000293   Thumb Code     0  startup_stm32f10x_hd.o(.text)
    SPI2_IRQHandler                          0x08000293   Thumb Code     0  startup_stm32f10x_hd.o(.text)
    SPI3_IRQHandler                          0x08000293   Thumb Code     0  startup_stm32f10x_hd.o(.text)
    TAMPER_IRQHandler                        0x08000293   Thumb Code     0  startup_stm32f10x_hd.o(.text)
    TIM1_BRK_IRQHandler                      0x08000293   Thumb Code     0  startup_stm32f10x_hd.o(.text)
    TIM1_CC_IRQHandler                       0x08000293   Thumb Code     0  startup_stm32f10x_hd.o(.text)
    TIM1_TRG_COM_IRQHandler                  0x08000293   Thumb Code     0  startup_stm32f10x_hd.o(.text)
    TIM1_UP_IRQHandler                       0x08000293   Thumb Code     0  startup_stm32f10x_hd.o(.text)
    TIM2_IRQHandler                          0x08000293   Thumb Code     0  startup_stm32f10x_hd.o(.text)
    TIM3_IRQHandler                          0x08000293   Thumb Code     0  startup_stm32f10x_hd.o(.text)
    TIM4_IRQHandler                          0x08000293   Thumb Code     0  startup_stm32f10x_hd.o(.text)
    TIM5_IRQHandler                          0x08000293   Thumb Code     0  startup_stm32f10x_hd.o(.text)
    TIM6_IRQHandler                          0x08000293   Thumb Code     0  startup_stm32f10x_hd.o(.text)
    TIM7_IRQHandler                          0x08000293   Thumb Code     0  startup_stm32f10x_hd.o(.text)
    TIM8_BRK_IRQHandler                      0x08000293   Thumb Code     0  startup_stm32f10x_hd.o(.text)
    TIM8_CC_IRQHandler                       0x08000293   Thumb Code     0  startup_stm32f10x_hd.o(.text)
    TIM8_TRG_COM_IRQHandler                  0x08000293   Thumb Code     0  startup_stm32f10x_hd.o(.text)
    TIM8_UP_IRQHandler                       0x08000293   Thumb Code     0  startup_stm32f10x_hd.o(.text)
    UART4_IRQHandler                         0x08000293   Thumb Code     0  startup_stm32f10x_hd.o(.text)
    UART5_IRQHandler                         0x08000293   Thumb Code     0  startup_stm32f10x_hd.o(.text)
    USART2_IRQHandler                        0x08000293   Thumb Code     0  startup_stm32f10x_hd.o(.text)
    USART3_IRQHandler                        0x08000293   Thumb Code     0  startup_stm32f10x_hd.o(.text)
    USBWakeUp_IRQHandler                     0x08000293   Thumb Code     0  startup_stm32f10x_hd.o(.text)
    USB_HP_CAN1_TX_IRQHandler                0x08000293   Thumb Code     0  startup_stm32f10x_hd.o(.text)
    USB_LP_CAN1_RX0_IRQHandler               0x08000293   Thumb Code     0  startup_stm32f10x_hd.o(.text)
    WWDG_IRQHandler                          0x08000293   Thumb Code     0  startup_stm32f10x_hd.o(.text)
    __user_initial_stackheap                 0x08000295   Thumb Code     0  startup_stm32f10x_hd.o(.text)
    __use_no_semihosting                     0x080002b9   Thumb Code     2  use_no_semi_2.o(.text)
    __2printf                                0x080002bd   Thumb Code    20  noretval__2printf.o(.text)
    __printf                                 0x080002d5   Thumb Code   104  __printf.o(.text)
    _printf_str                              0x0800033d   Thumb Code    82  _printf_str.o(.text)
    _printf_int_dec                          0x08000391   Thumb Code   104  _printf_dec.o(.text)
    _printf_int_hex                          0x08000409   Thumb Code    84  _printf_hex_int.o(.text)
    _printf_longlong_hex                     0x08000409   Thumb Code     0  _printf_hex_int.o(.text)
    __aeabi_memcpy                           0x08000461   Thumb Code     0  rt_memcpy_v6.o(.text)
    __rt_memcpy                              0x08000461   Thumb Code   138  rt_memcpy_v6.o(.text)
    _memcpy_lastbytes                        0x080004c7   Thumb Code     0  rt_memcpy_v6.o(.text)
    __aeabi_memset                           0x080004eb   Thumb Code    16  aeabi_memset.o(.text)
    __aeabi_memclr4                          0x080004fb   Thumb Code     0  rt_memclr_w.o(.text)
    __aeabi_memclr8                          0x080004fb   Thumb Code     0  rt_memclr_w.o(.text)
    __rt_memclr_w                            0x080004fb   Thumb Code    78  rt_memclr_w.o(.text)
    _memset_w                                0x080004ff   Thumb Code     0  rt_memclr_w.o(.text)
    __use_two_region_memory                  0x08000549   Thumb Code     2  heapauxi.o(.text)
    __rt_heap_escrow$2region                 0x0800054b   Thumb Code     2  heapauxi.o(.text)
    __rt_heap_expand$2region                 0x0800054d   Thumb Code     2  heapauxi.o(.text)
    __I$use$semihosting                      0x0800054f   Thumb Code     0  use_no_semi.o(.text)
    __use_no_semihosting_swi                 0x0800054f   Thumb Code     2  use_no_semi.o(.text)
    __read_errno                             0x08000551   Thumb Code    10  _rserrno.o(.text)
    __set_errno                              0x0800055b   Thumb Code    12  _rserrno.o(.text)
    _printf_int_common                       0x08000567   Thumb Code   178  _printf_intcommon.o(.text)
    _printf_char_common                      0x08000623   Thumb Code    32  _printf_char_common.o(.text)
    _printf_cs_common                        0x08000649   Thumb Code    20  _printf_char.o(.text)
    _printf_char                             0x0800065d   Thumb Code    16  _printf_char.o(.text)
    _printf_string                           0x0800066d   Thumb Code     8  _printf_char.o(.text)
    _printf_char_file                        0x08000675   Thumb Code    32  _printf_char_file.o(.text)
    __aeabi_memcpy4                          0x08000699   Thumb Code     0  rt_memcpy_w.o(.text)
    __aeabi_memcpy8                          0x08000699   Thumb Code     0  rt_memcpy_w.o(.text)
    __rt_memcpy_w                            0x08000699   Thumb Code   100  rt_memcpy_w.o(.text)
    _memcpy_lastbytes_aligned                0x080006e1   Thumb Code     0  rt_memcpy_w.o(.text)
    __aeabi_memclr                           0x080006fd   Thumb Code     0  rt_memclr.o(.text)
    __rt_memclr                              0x080006fd   Thumb Code    68  rt_memclr.o(.text)
    _memset                                  0x08000701   Thumb Code     0  rt_memclr.o(.text)
    __aeabi_errno_addr                       0x08000741   Thumb Code     8  rt_errno_addr_intlibspace.o(.text)
    __errno$intlibspace                      0x08000741   Thumb Code     0  rt_errno_addr_intlibspace.o(.text)
    __rt_errno_addr$intlibspace              0x08000741   Thumb Code     0  rt_errno_addr_intlibspace.o(.text)
    ferror                                   0x08000749   Thumb Code     8  ferror.o(.text)
    __user_libspace                          0x08000751   Thumb Code     8  libspace.o(.text)
    __user_perproc_libspace                  0x08000751   Thumb Code     0  libspace.o(.text)
    __user_perthread_libspace                0x08000751   Thumb Code     0  libspace.o(.text)
    __user_setup_stackheap                   0x08000759   Thumb Code    74  sys_stackheap_outer.o(.text)
    exit                                     0x080007a3   Thumb Code    12  exit.o(.text)
    ADC_Cmd                                  0x080007af   Thumb Code    20  stm32f10x_adc.o(i.ADC_Cmd)
    ADC_DeInit                               0x080007c5   Thumb Code    56  stm32f10x_adc.o(i.ADC_DeInit)
    ADC_GetCalibrationStatus                 0x08000809   Thumb Code    14  stm32f10x_adc.o(i.ADC_GetCalibrationStatus)
    ADC_GetConversionValue                   0x08000817   Thumb Code     6  stm32f10x_adc.o(i.ADC_GetConversionValue)
    ADC_GetFlagStatus                        0x0800081d   Thumb Code    14  stm32f10x_adc.o(i.ADC_GetFlagStatus)
    ADC_GetResetCalibrationStatus            0x0800082b   Thumb Code    14  stm32f10x_adc.o(i.ADC_GetResetCalibrationStatus)
    ADC_Init                                 0x08000839   Thumb Code    62  stm32f10x_adc.o(i.ADC_Init)
    ADC_RegularChannelConfig                 0x08000881   Thumb Code   116  stm32f10x_adc.o(i.ADC_RegularChannelConfig)
    ADC_ResetCalibration                     0x080008f5   Thumb Code    10  stm32f10x_adc.o(i.ADC_ResetCalibration)
    ADC_SoftwareStartConvCmd                 0x080008ff   Thumb Code    20  stm32f10x_adc.o(i.ADC_SoftwareStartConvCmd)
    ADC_StartCalibration                     0x08000913   Thumb Code    10  stm32f10x_adc.o(i.ADC_StartCalibration)
    AT24CXX_Init                             0x0800091d   Thumb Code     4  24cxx.o(i.AT24CXX_Init)
    Adc_Init                                 0x08000921   Thumb Code   126  adc.o(i.Adc_Init)
    BusFault_Handler                         0x080009a9   Thumb Code     2  stm32f10x_it.o(i.BusFault_Handler)
    DebugMon_Handler                         0x080009ab   Thumb Code     2  stm32f10x_it.o(i.DebugMon_Handler)
    FLASH_ErasePage                          0x080009ad   Thumb Code    56  stm32f10x_flash.o(i.FLASH_ErasePage)
    FLASH_GetBank1Status                     0x080009e9   Thumb Code    34  stm32f10x_flash.o(i.FLASH_GetBank1Status)
    FLASH_Lock                               0x08000a11   Thumb Code    12  stm32f10x_flash.o(i.FLASH_Lock)
    FLASH_ProgramHalfWord                    0x08000a21   Thumb Code    48  stm32f10x_flash.o(i.FLASH_ProgramHalfWord)
    FLASH_Unlock                             0x08000a55   Thumb Code    12  stm32f10x_flash.o(i.FLASH_Unlock)
    FLASH_WaitForLastOperation               0x08000a6d   Thumb Code    34  stm32f10x_flash.o(i.FLASH_WaitForLastOperation)
    FSMC_NORSRAMCmd                          0x08000a91   Thumb Code    26  stm32f10x_fsmc.o(i.FSMC_NORSRAMCmd)
    FSMC_NORSRAMInit                         0x08000ab1   Thumb Code   200  stm32f10x_fsmc.o(i.FSMC_NORSRAMInit)
    GPIO_Init                                0x08000b79   Thumb Code   156  stm32f10x_gpio.o(i.GPIO_Init)
    GPIO_SetBits                             0x08000c15   Thumb Code     4  stm32f10x_gpio.o(i.GPIO_SetBits)
    Get_Adc                                  0x08000c19   Thumb Code    46  adc.o(i.Get_Adc)
    Get_HzMat                                0x08000c4d   Thumb Code   134  text.o(i.Get_HzMat)
    HardFault_Handler                        0x08000cd9   Thumb Code     2  stm32f10x_it.o(i.HardFault_Handler)
    IIC_Init                                 0x08000cdd   Thumb Code    48  myiic.o(i.IIC_Init)
    IIC_Send_ByteG                           0x08000d11   Thumb Code    86  myiicg.o(i.IIC_Send_ByteG)
    IIC_StartG                               0x08000d71   Thumb Code    56  myiicg.o(i.IIC_StartG)
    IIC_StopG                                0x08000db1   Thumb Code    58  myiicg.o(i.IIC_StopG)
    IIC_Wait_AckG                            0x08000df5   Thumb Code    78  myiicg.o(i.IIC_Wait_AckG)
    LCD_Clear                                0x08000e4d   Thumb Code   100  lcd.o(i.LCD_Clear)
    LCD_Display_Dir                          0x08000eb9   Thumb Code   304  lcd.o(i.LCD_Display_Dir)
    LCD_DrawLine                             0x08000fed   Thumb Code   150  lcd.o(i.LCD_DrawLine)
    LCD_DrawPoint                            0x08001085   Thumb Code    20  lcd.o(i.LCD_DrawPoint)
    LCD_Draw_Circle                          0x080010a1   Thumb Code   176  lcd.o(i.LCD_Draw_Circle)
    LCD_Fast_DrawPoint                       0x08001151   Thumb Code   276  lcd.o(i.LCD_Fast_DrawPoint)
    LCD_Fill                                 0x0800126d   Thumb Code   132  lcd.o(i.LCD_Fill)
    LCD_Init                                 0x080012f9   Thumb Code 11792  lcd.o(i.LCD_Init)
    LCD_Pow                                  0x0800410d   Thumb Code    16  lcd.o(i.LCD_Pow)
    LCD_RD_DATA                              0x0800411d   Thumb Code    16  lcd.o(i.LCD_RD_DATA)
    LCD_ReadReg                              0x08004131   Thumb Code    20  lcd.o(i.LCD_ReadReg)
    LCD_SSD_BackLightSet                     0x08004149   Thumb Code    50  lcd.o(i.LCD_SSD_BackLightSet)
    LCD_Scan_Dir                             0x08004185   Thumb Code   414  lcd.o(i.LCD_Scan_Dir)
    LCD_SetCursor                            0x0800432d   Thumb Code   320  lcd.o(i.LCD_SetCursor)
    LCD_ShowChar                             0x08004475   Thumb Code   182  lcd.o(i.LCD_ShowChar)
    LCD_ShowNum                              0x08004541   Thumb Code   118  lcd.o(i.LCD_ShowNum)
    LCD_ShowString                           0x080045b7   Thumb Code    84  lcd.o(i.LCD_ShowString)
    LCD_ShowxNum                             0x0800460b   Thumb Code   134  lcd.o(i.LCD_ShowxNum)
    LCD_WriteRAM_Prepare                     0x08004691   Thumb Code    10  lcd.o(i.LCD_WriteRAM_Prepare)
    LCD_WriteReg                             0x080046a5   Thumb Code    10  lcd.o(i.LCD_WriteReg)
    LED_Init                                 0x080046b5   Thumb Code    70  led.o(i.LED_Init)
    MemManage_Handler                        0x08004705   Thumb Code     2  stm32f10x_it.o(i.MemManage_Handler)
    NMI_Handler                              0x08004707   Thumb Code     2  stm32f10x_it.o(i.NMI_Handler)
    NVIC_Init                                0x08004709   Thumb Code    94  misc.o(i.NVIC_Init)
    NVIC_PriorityGroupConfig                 0x0800476d   Thumb Code    10  misc.o(i.NVIC_PriorityGroupConfig)
    RCC_ADCCLKConfig                         0x08004781   Thumb Code    14  stm32f10x_rcc.o(i.RCC_ADCCLKConfig)
    RCC_AHBPeriphClockCmd                    0x08004795   Thumb Code    18  stm32f10x_rcc.o(i.RCC_AHBPeriphClockCmd)
    RCC_APB1PeriphClockCmd                   0x080047ad   Thumb Code    18  stm32f10x_rcc.o(i.RCC_APB1PeriphClockCmd)
    RCC_APB2PeriphClockCmd                   0x080047c5   Thumb Code    18  stm32f10x_rcc.o(i.RCC_APB2PeriphClockCmd)
    RCC_APB2PeriphResetCmd                   0x080047dd   Thumb Code    18  stm32f10x_rcc.o(i.RCC_APB2PeriphResetCmd)
    RCC_GetClocksFreq                        0x080047f5   Thumb Code   132  stm32f10x_rcc.o(i.RCC_GetClocksFreq)
    SHOW_Init                                0x08004889   Thumb Code   382  show.o(i.SHOW_Init)
    SPI2_Init                                0x08004a8d   Thumb Code   138  spi.o(i.SPI2_Init)
    SPI2_ReadWriteByte                       0x08004b21   Thumb Code    76  spi.o(i.SPI2_ReadWriteByte)
    SPI2_SetSpeed                            0x08004b71   Thumb Code    24  spi.o(i.SPI2_SetSpeed)
    SPI_Cmd                                  0x08004b8d   Thumb Code    20  stm32f10x_spi.o(i.SPI_Cmd)
    SPI_I2S_GetFlagStatus                    0x08004ba1   Thumb Code    14  stm32f10x_spi.o(i.SPI_I2S_GetFlagStatus)
    SPI_I2S_ReceiveData                      0x08004baf   Thumb Code     4  stm32f10x_spi.o(i.SPI_I2S_ReceiveData)
    SPI_I2S_SendData                         0x08004bb3   Thumb Code     4  stm32f10x_spi.o(i.SPI_I2S_SendData)
    SPI_Init                                 0x08004bb7   Thumb Code    56  stm32f10x_spi.o(i.SPI_Init)
    STMFLASH_Read                            0x08004bef   Thumb Code    24  stmflash.o(i.STMFLASH_Read)
    STMFLASH_Write                           0x08004c09   Thumb Code   186  stmflash.o(i.STMFLASH_Write)
    STMFLASH_Write_NoCheck                   0x08004cc9   Thumb Code    38  stmflash.o(i.STMFLASH_Write_NoCheck)
    Show_Font                                0x08004d99   Thumb Code   154  text.o(i.Show_Font)
    Show_Str                                 0x08004e3d   Thumb Code   174  text.o(i.Show_Str)
    SysTick_CLKSourceConfig                  0x08004eeb   Thumb Code    24  misc.o(i.SysTick_CLKSourceConfig)
    SysTick_Handler                          0x08004f03   Thumb Code    20  delay.o(i.SysTick_Handler)
    SystemInit                               0x08004f19   Thumb Code    64  system_stm32f10x.o(i.SystemInit)
    TOUCH_key_v                              0x08004f69   Thumb Code   834  show.o(i.TOUCH_key_v)
    TP_Adj_Info_Show                         0x08005309   Thumb Code   326  touch.o(i.TP_Adj_Info_Show)
    TP_Adjust                                0x08005481   Thumb Code  1338  touch.o(i.TP_Adjust)
    TP_Drow_Touch_Point                      0x080059f1   Thumb Code   106  touch.o(i.TP_Drow_Touch_Point)
    TP_Get_Adjdata                           0x08005a61   Thumb Code    52  touch.o(i.TP_Get_Adjdata)
    TP_Init                                  0x08005a9d   Thumb Code   178  touch.o(i.TP_Init)
    TP_Read_AD                               0x08005b5d   Thumb Code   124  touch.o(i.TP_Read_AD)
    TP_Read_XOY                              0x08005be1   Thumb Code    96  touch.o(i.TP_Read_XOY)
    TP_Read_XY                               0x08005c41   Thumb Code    34  touch.o(i.TP_Read_XY)
    TP_Read_XY2                              0x08005c69   Thumb Code   124  touch.o(i.TP_Read_XY2)
    TP_Save_Adjdata                          0x08005ce5   Thumb Code    32  touch.o(i.TP_Save_Adjdata)
    TP_Scan                                  0x08005d0d   Thumb Code   172  touch.o(i.TP_Scan)
    TP_Write_Byte                            0x08005dc1   Thumb Code    62  touch.o(i.TP_Write_Byte)
    USART1_IRQHandler                        0x08005e09   Thumb Code    88  usart.o(i.USART1_IRQHandler)
    USART_Cmd                                0x08005e6d   Thumb Code    20  stm32f10x_usart.o(i.USART_Cmd)
    USART_GetFlagStatus                      0x08005e81   Thumb Code    14  stm32f10x_usart.o(i.USART_GetFlagStatus)
    USART_GetITStatus                        0x08005e8f   Thumb Code    62  stm32f10x_usart.o(i.USART_GetITStatus)
    USART_ITConfig                           0x08005ecd   Thumb Code    48  stm32f10x_usart.o(i.USART_ITConfig)
    USART_Init                               0x08005efd   Thumb Code   166  stm32f10x_usart.o(i.USART_Init)
    USART_ReceiveData                        0x08005fa9   Thumb Code     8  stm32f10x_usart.o(i.USART_ReceiveData)
    USART_SendData                           0x08005fb1   Thumb Code     8  stm32f10x_usart.o(i.USART_SendData)
    UsageFault_Handler                       0x08005fb9   Thumb Code     2  stm32f10x_it.o(i.UsageFault_Handler)
    W25QXX_Init                              0x08005fbd   Thumb Code    76  w25qxx.o(i.W25QXX_Init)
    W25QXX_Read                              0x08006015   Thumb Code    76  w25qxx.o(i.W25QXX_Read)
    W25QXX_ReadID                            0x08006065   Thumb Code    62  w25qxx.o(i.W25QXX_ReadID)
    _sys_exit                                0x080060a9   Thumb Code     2  usart.o(i._sys_exit)
    control_init                             0x080060ad   Thumb Code    86  contral_task.o(i.control_init)
    control_task                             0x08006111   Thumb Code   180  contral_task.o(i.control_task)
    data_collection                          0x080061ed   Thumb Code   274  contral_task.o(i.data_collection)
    delay_init                               0x0800631d   Thumb Code    60  delay.o(i.delay_init)
    delay_ms                                 0x08006365   Thumb Code    52  delay.o(i.delay_ms)
    delay_us                                 0x0800639d   Thumb Code    48  delay.o(i.delay_us)
    font_init                                0x080063d1   Thumb Code    58  w25qxx.o(i.font_init)
    fputc                                    0x08006411   Thumb Code    18  usart.o(i.fputc)
    led0_task                                0x08006429   Thumb Code    24  main.o(i.led0_task)
    led1_task                                0x08006445   Thumb Code    32  main.o(i.led1_task)
    main                                     0x08006469   Thumb Code    78  main.o(i.main)
    pvPortMalloc                             0x08006d31   Thumb Code   214  heap_4.o(i.pvPortMalloc)
    pvTaskIncrementMutexHeldCount            0x08006e45   Thumb Code    18  tasks.o(i.pvTaskIncrementMutexHeldCount)
    pxPortInitialiseStack                    0x08006e5d   Thumb Code    32  port.o(i.pxPortInitialiseStack)
    scan_task                                0x08006e81   Thumb Code    38  main.o(i.scan_task)
    sqrt                                     0x08006ea7   Thumb Code    76  sqrt.o(i.sqrt)
    start_task                               0x08006ef5   Thumb Code    98  main.o(i.start_task)
    transfer                                 0x08006f8d   Thumb Code   216  transfer.o(i.transfer)
    uart_init                                0x08007079   Thumb Code   152  usart.o(i.uart_init)
    uxListRemove                             0x08007119   Thumb Code    36  list.o(i.uxListRemove)
    vListInitialise                          0x0800713d   Thumb Code    22  list.o(i.vListInitialise)
    vListInitialiseItem                      0x08007153   Thumb Code     6  list.o(i.vListInitialiseItem)
    vListInsert                              0x08007159   Thumb Code    48  list.o(i.vListInsert)
    vListInsertEnd                           0x08007189   Thumb Code    24  list.o(i.vListInsertEnd)
    vPortEnterCritical                       0x080071a1   Thumb Code    50  port.o(i.vPortEnterCritical)
    vPortExitCritical                        0x08007219   Thumb Code    34  port.o(i.vPortExitCritical)
    vPortFree                                0x0800727d   Thumb Code    94  heap_4.o(i.vPortFree)
    vPortSetupTimerInterrupt                 0x08007319   Thumb Code    26  port.o(i.vPortSetupTimerInterrupt)
    vPortValidateInterruptPriority           0x08007339   Thumb Code    70  port.o(i.vPortValidateInterruptPriority)
    vQueueAddToRegistry                      0x080073c5   Thumb Code    32  queue.o(i.vQueueAddToRegistry)
    vQueueWaitForMessageRestricted           0x080073e9   Thumb Code    68  queue.o(i.vQueueWaitForMessageRestricted)
    vTaskDelay                               0x0800742d   Thumb Code    62  tasks.o(i.vTaskDelay)
    vTaskDelete                              0x08007499   Thumb Code   152  tasks.o(i.vTaskDelete)
    vTaskMissedYield                         0x08007565   Thumb Code     8  tasks.o(i.vTaskMissedYield)
    vTaskPlaceOnEventList                    0x08007571   Thumb Code    44  tasks.o(i.vTaskPlaceOnEventList)
    vTaskPlaceOnEventListRestricted          0x080075c5   Thumb Code    52  tasks.o(i.vTaskPlaceOnEventListRestricted)
    vTaskPriorityInherit                     0x08007621   Thumb Code   124  tasks.o(i.vTaskPriorityInherit)
    vTaskSetTimeOutState                     0x080076a5   Thumb Code    30  tasks.o(i.vTaskSetTimeOutState)
    vTaskStartScheduler                      0x080076ed   Thumb Code    96  tasks.o(i.vTaskStartScheduler)
    vTaskSuspendAll                          0x08007781   Thumb Code    10  tasks.o(i.vTaskSuspendAll)
    vTaskSwitchContext                       0x08007791   Thumb Code    80  tasks.o(i.vTaskSwitchContext)
    voltage_control                          0x0800780d   Thumb Code    54  contral_task.o(i.voltage_control)
    xPortStartScheduler                      0x08007845   Thumb Code   108  port.o(i.xPortStartScheduler)
    xPortSysTickHandler                      0x080078bd   Thumb Code    38  port.o(i.xPortSysTickHandler)
    xQueueGenericCreate                      0x080078e9   Thumb Code    82  queue.o(i.xQueueGenericCreate)
    xQueueGenericReceive                     0x08007961   Thumb Code   348  queue.o(i.xQueueGenericReceive)
    xQueueGenericReset                       0x08007ae5   Thumb Code   128  queue.o(i.xQueueGenericReset)
    xQueueGenericSend                        0x08007b8d   Thumb Code   350  queue.o(i.xQueueGenericSend)
    xQueueGenericSendFromISR                 0x08007d15   Thumb Code   188  queue.o(i.xQueueGenericSendFromISR)
    xTaskCheckForTimeOut                     0x08007df5   Thumb Code    94  tasks.o(i.xTaskCheckForTimeOut)
    xTaskCreate                              0x08007e7d   Thumb Code    86  tasks.o(i.xTaskCreate)
    xTaskGetSchedulerState                   0x08007ed5   Thumb Code    22  tasks.o(i.xTaskGetSchedulerState)
    xTaskGetTickCount                        0x08007ef1   Thumb Code     6  tasks.o(i.xTaskGetTickCount)
    xTaskIncrementTick                       0x08007efd   Thumb Code   188  tasks.o(i.xTaskIncrementTick)
    xTaskPriorityDisinherit                  0x08007fe5   Thumb Code   136  tasks.o(i.xTaskPriorityDisinherit)
    xTaskRemoveFromEventList                 0x08008099   Thumb Code   102  tasks.o(i.xTaskRemoveFromEventList)
    xTaskResumeAll                           0x08008131   Thumb Code   180  tasks.o(i.xTaskResumeAll)
    xTimerCreate                             0x08008215   Thumb Code    74  timers.o(i.xTimerCreate)
    xTimerCreateTimerTask                    0x08008289   Thumb Code    58  timers.o(i.xTimerCreateTimerTask)
    xTimerGenericCommand                     0x080082fd   Thumb Code    98  timers.o(i.xTimerGenericCommand)
    __fpl_dcmp_Inf                           0x0800838d   Thumb Code    24  dcmpi.o(x$fpl$dcmpinf)
    __aeabi_d2uiz                            0x080083a5   Thumb Code     0  dfixu.o(x$fpl$dfixu)
    _dfixu                                   0x080083a5   Thumb Code    90  dfixu.o(x$fpl$dfixu)
    __aeabi_ui2d                             0x080083ff   Thumb Code     0  dflt_clz.o(x$fpl$dfltu)
    _dfltu                                   0x080083ff   Thumb Code    38  dflt_clz.o(x$fpl$dfltu)
    __aeabi_cdcmple                          0x08008425   Thumb Code     0  dleqf.o(x$fpl$dleqf)
    _dcmple                                  0x08008425   Thumb Code   120  dleqf.o(x$fpl$dleqf)
    __fpl_dcmple_InfNaN                      0x08008487   Thumb Code     0  dleqf.o(x$fpl$dleqf)
    __aeabi_dmul                             0x0800849d   Thumb Code     0  dmul.o(x$fpl$dmul)
    _dmul                                    0x0800849d   Thumb Code   332  dmul.o(x$fpl$dmul)
    __fpl_dnaninf                            0x080085f1   Thumb Code   156  dnaninf.o(x$fpl$dnaninf)
    __fpl_dretinf                            0x0800868d   Thumb Code    12  dretinf.o(x$fpl$dretinf)
    __aeabi_cdrcmple                         0x08008699   Thumb Code     0  drleqf.o(x$fpl$drleqf)
    _drcmple                                 0x08008699   Thumb Code   108  drleqf.o(x$fpl$drleqf)
    _dsqrt                                   0x08008705   Thumb Code   456  dsqrt_noumaal.o(x$fpl$dsqrt)
    __aeabi_f2d                              0x080088d1   Thumb Code     0  f2d.o(x$fpl$f2d)
    _f2d                                     0x080088d1   Thumb Code    86  f2d.o(x$fpl$f2d)
    __aeabi_fadd                             0x08008929   Thumb Code     0  faddsub_clz.o(x$fpl$fadd)
    _fadd                                    0x08008929   Thumb Code   196  faddsub_clz.o(x$fpl$fadd)
    __fpl_fcheck_NaN1                        0x080089ed   Thumb Code     6  fcheck1.o(x$fpl$fcheck1)
    __aeabi_fdiv                             0x080089f9   Thumb Code     0  fdiv.o(x$fpl$fdiv)
    _fdiv                                    0x080089f9   Thumb Code   384  fdiv.o(x$fpl$fdiv)
    __aeabi_f2iz                             0x08008b7d   Thumb Code     0  ffix.o(x$fpl$ffix)
    _ffix                                    0x08008b7d   Thumb Code    54  ffix.o(x$fpl$ffix)
    __aeabi_f2uiz                            0x08008bb5   Thumb Code     0  ffixu.o(x$fpl$ffixu)
    _ffixu                                   0x08008bb5   Thumb Code    62  ffixu.o(x$fpl$ffixu)
    __aeabi_i2f                              0x08008bf5   Thumb Code     0  fflt_clz.o(x$fpl$fflt)
    _fflt                                    0x08008bf5   Thumb Code    48  fflt_clz.o(x$fpl$fflt)
    __aeabi_ui2f                             0x08008c25   Thumb Code     0  fflt_clz.o(x$fpl$ffltu)
    _ffltu                                   0x08008c25   Thumb Code    38  fflt_clz.o(x$fpl$ffltu)
    __aeabi_fmul                             0x08008c4d   Thumb Code     0  fmul.o(x$fpl$fmul)
    _fmul                                    0x08008c4d   Thumb Code   258  fmul.o(x$fpl$fmul)
    __fpl_fnaninf                            0x08008d4f   Thumb Code   140  fnaninf.o(x$fpl$fnaninf)
    __fpl_fretinf                            0x08008ddb   Thumb Code    10  fretinf.o(x$fpl$fretinf)
    __aeabi_fsub                             0x08008de5   Thumb Code     0  faddsub_clz.o(x$fpl$fsub)
    _fsub                                    0x08008de5   Thumb Code   234  faddsub_clz.o(x$fpl$fsub)
    __fpl_return_NaN                         0x08008ecf   Thumb Code   100  retnan.o(x$fpl$retnan)
    __ARM_scalbnf                            0x08008f33   Thumb Code    76  scalbnf.o(x$fpl$scalbnf)
    __fpl_cmpreturn                          0x08008f7f   Thumb Code    48  trapv.o(x$fpl$trapveneer)
    __I$use$fp                               0x08008fae   Number         0  usenofp.o(x$fpl$usenofp)
    asc2_1206                                0x08008fae   Data        1140  lcd.o(.constdata)
    asc2_1608                                0x08009422   Data        1520  lcd.o(.constdata)
    asc2_2412                                0x08009a12   Data        3420  lcd.o(.constdata)
    TP_REMIND_MSG_TBL                        0x0800a770   Data           4  touch.o(.constdata)
    Region$$Table$$Base                      0x0800a818   Number         0  anon$$obj.o(Region$$Table)
    Region$$Table$$Limit                     0x0800a838   Number         0  anon$$obj.o(Region$$Table)
    showplace                                0x20000000   Data           1  main.o(.data)
    SCANTask_Handler                         0x20000004   Data           4  main.o(.data)
    StartTask_Handler                        0x20000008   Data           4  main.o(.data)
    LED0Task_Handler                         0x2000000c   Data           4  main.o(.data)
    LED1Task_Handler                         0x20000010   Data           4  main.o(.data)
    Touch_Queue                              0x20000014   Data           4  main.o(.data)
    SystemCoreClock                          0x20000018   Data           4  system_stm32f10x.o(.data)
    AHBPrescTable                            0x2000001c   Data          16  system_stm32f10x.o(.data)
    POINT_COLOR                              0x2000002c   Data           2  lcd.o(.data)
    BACK_COLOR                               0x2000002e   Data           2  lcd.o(.data)
    ControlTask_Handler                      0x20000030   Data           4  show.o(.data)
    W25QXX_TYPE                              0x20000034   Data           2  w25qxx.o(.data)
    CMD_RDX                                  0x20000038   Data           1  touch.o(.data)
    CMD_RDY                                  0x20000039   Data           1  touch.o(.data)
    tp_dev                                   0x2000003c   Data          52  touch.o(.data)
    USART_RX_STA                             0x20000074   Data           2  usart.o(.data)
    __stdout                                 0x20000078   Data           4  usart.o(.data)
    pxCurrentTCB                             0x20000090   Data           4  tasks.o(.data)
    lcddev                                   0x20000104   Data          14  lcd.o(.bss)
    ftinfo                                   0x20000112   Data          33  text.o(.bss)
    STMFLASH_BUF                             0x20000134   Data        2048  stmflash.o(.bss)
    USART_RX_BUF                             0x20000934   Data         200  usart.o(.bss)
    xQueueRegistry                           0x200009fc   Data          64  queue.o(.bss)
    __libspace_start                         0x20005d48   Data          96  libspace.o(.bss)
    __temporary_stack_top$libspace           0x20005da8   Data           0  libspace.o(.bss)



==============================================================================

Memory Map of the image

  Image Entry point : 0x08000279

  Load Region LR_1 (Base: 0x08000000, Size: 0x0000a93c, Max: 0xffffffff, ABSOLUTE)

    Execution Region ER_RO (Base: 0x08000000, Size: 0x0000a838, Max: 0xffffffff, ABSOLUTE)

    Base Addr    Size         Type   Attr      Idx    E Section Name        Object

    0x08000000   0x00000130   Data   RO         1399    RESET               startup_stm32f10x_hd.o
    0x08000130   0x00000008   Code   RO         5436  * !!!main             c_w.l(__main.o)
    0x08000138   0x00000034   Code   RO         5697    !!!scatter          c_w.l(__scatter.o)
    0x0800016c   0x0000001a   Code   RO         5699    !!handler_copy      c_w.l(__scatter_copy.o)
    0x08000186   0x00000002   PAD
    0x08000188   0x0000001c   Code   RO         5701    !!handler_zi        c_w.l(__scatter_zi.o)
    0x080001a4   0x00000000   Code   RO         5421    .ARM.Collect$$_printf_percent$$00000000  c_w.l(_printf_percent.o)
    0x080001a4   0x00000006   Code   RO         5419    .ARM.Collect$$_printf_percent$$00000009  c_w.l(_printf_d.o)
    0x080001aa   0x00000006   Code   RO         5418    .ARM.Collect$$_printf_percent$$0000000C  c_w.l(_printf_x.o)
    0x080001b0   0x00000006   Code   RO         5417    .ARM.Collect$$_printf_percent$$00000014  c_w.l(_printf_s.o)
    0x080001b6   0x00000004   Code   RO         5513    .ARM.Collect$$_printf_percent$$00000017  c_w.l(_printf_percent_end.o)
    0x080001ba   0x00000002   Code   RO         5573    .ARM.Collect$$libinit$$00000000  c_w.l(libinit.o)
    0x080001bc   0x00000000   Code   RO         5579    .ARM.Collect$$libinit$$00000002  c_w.l(libinit2.o)
    0x080001bc   0x00000000   Code   RO         5581    .ARM.Collect$$libinit$$00000004  c_w.l(libinit2.o)
    0x080001bc   0x00000000   Code   RO         5584    .ARM.Collect$$libinit$$0000000A  c_w.l(libinit2.o)
    0x080001bc   0x00000000   Code   RO         5586    .ARM.Collect$$libinit$$0000000C  c_w.l(libinit2.o)
    0x080001bc   0x00000000   Code   RO         5588    .ARM.Collect$$libinit$$0000000E  c_w.l(libinit2.o)
    0x080001bc   0x00000000   Code   RO         5591    .ARM.Collect$$libinit$$00000011  c_w.l(libinit2.o)
    0x080001bc   0x00000000   Code   RO         5593    .ARM.Collect$$libinit$$00000013  c_w.l(libinit2.o)
    0x080001bc   0x00000000   Code   RO         5595    .ARM.Collect$$libinit$$00000015  c_w.l(libinit2.o)
    0x080001bc   0x00000000   Code   RO         5597    .ARM.Collect$$libinit$$00000017  c_w.l(libinit2.o)
    0x080001bc   0x00000000   Code   RO         5599    .ARM.Collect$$libinit$$00000019  c_w.l(libinit2.o)
    0x080001bc   0x00000000   Code   RO         5601    .ARM.Collect$$libinit$$0000001B  c_w.l(libinit2.o)
    0x080001bc   0x00000000   Code   RO         5603    .ARM.Collect$$libinit$$0000001D  c_w.l(libinit2.o)
    0x080001bc   0x00000000   Code   RO         5605    .ARM.Collect$$libinit$$0000001F  c_w.l(libinit2.o)
    0x080001bc   0x00000000   Code   RO         5607    .ARM.Collect$$libinit$$00000021  c_w.l(libinit2.o)
    0x080001bc   0x00000000   Code   RO         5609    .ARM.Collect$$libinit$$00000023  c_w.l(libinit2.o)
    0x080001bc   0x00000000   Code   RO         5611    .ARM.Collect$$libinit$$00000025  c_w.l(libinit2.o)
    0x080001bc   0x00000000   Code   RO         5615    .ARM.Collect$$libinit$$0000002C  c_w.l(libinit2.o)
    0x080001bc   0x00000000   Code   RO         5617    .ARM.Collect$$libinit$$0000002E  c_w.l(libinit2.o)
    0x080001bc   0x00000000   Code   RO         5619    .ARM.Collect$$libinit$$00000030  c_w.l(libinit2.o)
    0x080001bc   0x00000000   Code   RO         5621    .ARM.Collect$$libinit$$00000032  c_w.l(libinit2.o)
    0x080001bc   0x00000002   Code   RO         5622    .ARM.Collect$$libinit$$00000033  c_w.l(libinit2.o)
    0x080001be   0x00000002   Code   RO         5640    .ARM.Collect$$libshutdown$$00000000  c_w.l(libshutdown.o)
    0x080001c0   0x00000000   Code   RO         5651    .ARM.Collect$$libshutdown$$00000003  c_w.l(libshutdown2.o)
    0x080001c0   0x00000000   Code   RO         5654    .ARM.Collect$$libshutdown$$00000006  c_w.l(libshutdown2.o)
    0x080001c0   0x00000000   Code   RO         5657    .ARM.Collect$$libshutdown$$00000009  c_w.l(libshutdown2.o)
    0x080001c0   0x00000000   Code   RO         5659    .ARM.Collect$$libshutdown$$0000000B  c_w.l(libshutdown2.o)
    0x080001c0   0x00000000   Code   RO         5662    .ARM.Collect$$libshutdown$$0000000E  c_w.l(libshutdown2.o)
    0x080001c0   0x00000002   Code   RO         5663    .ARM.Collect$$libshutdown$$0000000F  c_w.l(libshutdown2.o)
    0x080001c2   0x00000000   Code   RO         5500    .ARM.Collect$$rtentry$$00000000  c_w.l(__rtentry.o)
    0x080001c2   0x00000000   Code   RO         5534    .ARM.Collect$$rtentry$$00000002  c_w.l(__rtentry2.o)
    0x080001c2   0x00000006   Code   RO         5546    .ARM.Collect$$rtentry$$00000004  c_w.l(__rtentry4.o)
    0x080001c8   0x00000000   Code   RO         5536    .ARM.Collect$$rtentry$$00000009  c_w.l(__rtentry2.o)
    0x080001c8   0x00000004   Code   RO         5537    .ARM.Collect$$rtentry$$0000000A  c_w.l(__rtentry2.o)
    0x080001cc   0x00000000   Code   RO         5539    .ARM.Collect$$rtentry$$0000000C  c_w.l(__rtentry2.o)
    0x080001cc   0x00000008   Code   RO         5540    .ARM.Collect$$rtentry$$0000000D  c_w.l(__rtentry2.o)
    0x080001d4   0x00000002   Code   RO         5576    .ARM.Collect$$rtexit$$00000000  c_w.l(rtexit.o)
    0x080001d6   0x00000000   Code   RO         5624    .ARM.Collect$$rtexit$$00000002  c_w.l(rtexit2.o)
    0x080001d6   0x00000004   Code   RO         5625    .ARM.Collect$$rtexit$$00000003  c_w.l(rtexit2.o)
    0x080001da   0x00000006   Code   RO         5626    .ARM.Collect$$rtexit$$00000004  c_w.l(rtexit2.o)
    0x080001e0   0x00000096   Code   RO         5229    .emb_text           port.o
    0x08000276   0x00000002   PAD
    0x08000278   0x00000040   Code   RO         1400  * .text               startup_stm32f10x_hd.o
    0x080002b8   0x00000002   Code   RO         5359    .text               c_w.l(use_no_semi_2.o)
    0x080002ba   0x00000002   PAD
    0x080002bc   0x00000018   Code   RO         5365    .text               c_w.l(noretval__2printf.o)
    0x080002d4   0x00000068   Code   RO         5369    .text               c_w.l(__printf.o)
    0x0800033c   0x00000052   Code   RO         5371    .text               c_w.l(_printf_str.o)
    0x0800038e   0x00000002   PAD
    0x08000390   0x00000078   Code   RO         5373    .text               c_w.l(_printf_dec.o)
    0x08000408   0x00000058   Code   RO         5378    .text               c_w.l(_printf_hex_int.o)
    0x08000460   0x0000008a   Code   RO         5426    .text               c_w.l(rt_memcpy_v6.o)
    0x080004ea   0x00000010   Code   RO         5428    .text               c_w.l(aeabi_memset.o)
    0x080004fa   0x0000004e   Code   RO         5430    .text               c_w.l(rt_memclr_w.o)
    0x08000548   0x00000006   Code   RO         5434    .text               c_w.l(heapauxi.o)
    0x0800054e   0x00000002   Code   RO         5498    .text               c_w.l(use_no_semi.o)
    0x08000550   0x00000016   Code   RO         5501    .text               c_w.l(_rserrno.o)
    0x08000566   0x000000b2   Code   RO         5503    .text               c_w.l(_printf_intcommon.o)
    0x08000618   0x00000030   Code   RO         5505    .text               c_w.l(_printf_char_common.o)
    0x08000648   0x0000002c   Code   RO         5509    .text               c_w.l(_printf_char.o)
    0x08000674   0x00000024   Code   RO         5511    .text               c_w.l(_printf_char_file.o)
    0x08000698   0x00000064   Code   RO         5514    .text               c_w.l(rt_memcpy_w.o)
    0x080006fc   0x00000044   Code   RO         5516    .text               c_w.l(rt_memclr.o)
    0x08000740   0x00000008   Code   RO         5551    .text               c_w.l(rt_errno_addr_intlibspace.o)
    0x08000748   0x00000008   Code   RO         5555    .text               c_w.l(ferror.o)
    0x08000750   0x00000008   Code   RO         5561    .text               c_w.l(libspace.o)
    0x08000758   0x0000004a   Code   RO         5564    .text               c_w.l(sys_stackheap_outer.o)
    0x080007a2   0x0000000c   Code   RO         5566    .text               c_w.l(exit.o)
    0x080007ae   0x00000014   Code   RO         2084    i.ADC_Cmd           stm32f10x_adc.o
    0x080007c2   0x00000002   PAD
    0x080007c4   0x00000044   Code   RO         2086    i.ADC_DeInit        stm32f10x_adc.o
    0x08000808   0x0000000e   Code   RO         2092    i.ADC_GetCalibrationStatus  stm32f10x_adc.o
    0x08000816   0x00000006   Code   RO         2093    i.ADC_GetConversionValue  stm32f10x_adc.o
    0x0800081c   0x0000000e   Code   RO         2095    i.ADC_GetFlagStatus  stm32f10x_adc.o
    0x0800082a   0x0000000e   Code   RO         2098    i.ADC_GetResetCalibrationStatus  stm32f10x_adc.o
    0x08000838   0x00000048   Code   RO         2102    i.ADC_Init          stm32f10x_adc.o
    0x08000880   0x00000074   Code   RO         2106    i.ADC_RegularChannelConfig  stm32f10x_adc.o
    0x080008f4   0x0000000a   Code   RO         2107    i.ADC_ResetCalibration  stm32f10x_adc.o
    0x080008fe   0x00000014   Code   RO         2109    i.ADC_SoftwareStartConvCmd  stm32f10x_adc.o
    0x08000912   0x0000000a   Code   RO         2111    i.ADC_StartCalibration  stm32f10x_adc.o
    0x0800091c   0x00000004   Code   RO         1097    i.AT24CXX_Init      24cxx.o
    0x08000920   0x00000088   Code   RO         1204    i.Adc_Init          adc.o
    0x080009a8   0x00000002   Code   RO          220    i.BusFault_Handler  stm32f10x_it.o
    0x080009aa   0x00000002   Code   RO          221    i.DebugMon_Handler  stm32f10x_it.o
    0x080009ac   0x0000003c   Code   RO         2874    i.FLASH_ErasePage   stm32f10x_flash.o
    0x080009e8   0x00000028   Code   RO         2875    i.FLASH_GetBank1Status  stm32f10x_flash.o
    0x08000a10   0x00000010   Code   RO         2884    i.FLASH_Lock        stm32f10x_flash.o
    0x08000a20   0x00000034   Code   RO         2887    i.FLASH_ProgramHalfWord  stm32f10x_flash.o
    0x08000a54   0x00000018   Code   RO         2892    i.FLASH_Unlock      stm32f10x_flash.o
    0x08000a6c   0x00000022   Code   RO         2896    i.FLASH_WaitForLastOperation  stm32f10x_flash.o
    0x08000a8e   0x00000002   PAD
    0x08000a90   0x00000020   Code   RO         1969    i.FSMC_NORSRAMCmd   stm32f10x_fsmc.o
    0x08000ab0   0x000000c8   Code   RO         1971    i.FSMC_NORSRAMInit  stm32f10x_fsmc.o
    0x08000b78   0x0000009c   Code   RO         1446    i.GPIO_Init         stm32f10x_gpio.o
    0x08000c14   0x00000004   Code   RO         1454    i.GPIO_SetBits      stm32f10x_gpio.o
    0x08000c18   0x00000034   Code   RO         1205    i.Get_Adc           adc.o
    0x08000c4c   0x0000008c   Code   RO          592    i.Get_HzMat         text.o
    0x08000cd8   0x00000002   Code   RO          222    i.HardFault_Handler  stm32f10x_it.o
    0x08000cda   0x00000002   PAD
    0x08000cdc   0x00000034   Code   RO         1151    i.IIC_Init          myiic.o
    0x08000d10   0x00000060   Code   RO          769    i.IIC_Send_ByteG    myiicg.o
    0x08000d70   0x00000040   Code   RO          770    i.IIC_StartG        myiicg.o
    0x08000db0   0x00000044   Code   RO          771    i.IIC_StopG         myiicg.o
    0x08000df4   0x00000058   Code   RO          772    i.IIC_Wait_AckG     myiicg.o
    0x08000e4c   0x0000006c   Code   RO          333    i.LCD_Clear         lcd.o
    0x08000eb8   0x00000134   Code   RO          337    i.LCD_Display_Dir   lcd.o
    0x08000fec   0x00000096   Code   RO          338    i.LCD_DrawLine      lcd.o
    0x08001082   0x00000002   PAD
    0x08001084   0x0000001c   Code   RO          339    i.LCD_DrawPoint     lcd.o
    0x080010a0   0x000000b0   Code   RO          341    i.LCD_Draw_Circle   lcd.o
    0x08001150   0x0000011c   Code   RO          342    i.LCD_Fast_DrawPoint  lcd.o
    0x0800126c   0x0000008c   Code   RO          343    i.LCD_Fill          lcd.o
    0x080012f8   0x00002e14   Code   RO          344    i.LCD_Init          lcd.o
    0x0800410c   0x00000010   Code   RO          345    i.LCD_Pow           lcd.o
    0x0800411c   0x00000014   Code   RO          346    i.LCD_RD_DATA       lcd.o
    0x08004130   0x00000018   Code   RO          348    i.LCD_ReadReg       lcd.o
    0x08004148   0x0000003c   Code   RO          349    i.LCD_SSD_BackLightSet  lcd.o
    0x08004184   0x000001a8   Code   RO          350    i.LCD_Scan_Dir      lcd.o
    0x0800432c   0x00000148   Code   RO          351    i.LCD_SetCursor     lcd.o
    0x08004474   0x000000cc   Code   RO          353    i.LCD_ShowChar      lcd.o
    0x08004540   0x00000076   Code   RO          354    i.LCD_ShowNum       lcd.o
    0x080045b6   0x00000054   Code   RO          355    i.LCD_ShowString    lcd.o
    0x0800460a   0x00000086   Code   RO          356    i.LCD_ShowxNum      lcd.o
    0x08004690   0x00000014   Code   RO          360    i.LCD_WriteRAM_Prepare  lcd.o
    0x080046a4   0x00000010   Code   RO          361    i.LCD_WriteReg      lcd.o
    0x080046b4   0x00000050   Code   RO          320    i.LED_Init          led.o
    0x08004704   0x00000002   Code   RO          223    i.MemManage_Handler  stm32f10x_it.o
    0x08004706   0x00000002   Code   RO          224    i.NMI_Handler       stm32f10x_it.o
    0x08004708   0x00000064   Code   RO         1404    i.NVIC_Init         misc.o
    0x0800476c   0x00000014   Code   RO         1405    i.NVIC_PriorityGroupConfig  misc.o
    0x08004780   0x00000014   Code   RO         1578    i.RCC_ADCCLKConfig  stm32f10x_rcc.o
    0x08004794   0x00000018   Code   RO         1579    i.RCC_AHBPeriphClockCmd  stm32f10x_rcc.o
    0x080047ac   0x00000018   Code   RO         1580    i.RCC_APB1PeriphClockCmd  stm32f10x_rcc.o
    0x080047c4   0x00000018   Code   RO         1582    i.RCC_APB2PeriphClockCmd  stm32f10x_rcc.o
    0x080047dc   0x00000018   Code   RO         1583    i.RCC_APB2PeriphResetCmd  stm32f10x_rcc.o
    0x080047f4   0x00000094   Code   RO         1590    i.RCC_GetClocksFreq  stm32f10x_rcc.o
    0x08004888   0x00000204   Code   RO          545    i.SHOW_Init         show.o
    0x08004a8c   0x00000094   Code   RO          741    i.SPI2_Init         spi.o
    0x08004b20   0x00000050   Code   RO          742    i.SPI2_ReadWriteByte  spi.o
    0x08004b70   0x0000001c   Code   RO          743    i.SPI2_SetSpeed     spi.o
    0x08004b8c   0x00000014   Code   RO         3627    i.SPI_Cmd           stm32f10x_spi.o
    0x08004ba0   0x0000000e   Code   RO         3635    i.SPI_I2S_GetFlagStatus  stm32f10x_spi.o
    0x08004bae   0x00000004   Code   RO         3638    i.SPI_I2S_ReceiveData  stm32f10x_spi.o
    0x08004bb2   0x00000004   Code   RO         3639    i.SPI_I2S_SendData  stm32f10x_spi.o
    0x08004bb6   0x00000038   Code   RO         3640    i.SPI_Init          stm32f10x_spi.o
    0x08004bee   0x00000018   Code   RO         1228    i.STMFLASH_Read     stmflash.o
    0x08004c06   0x00000002   PAD
    0x08004c08   0x000000c0   Code   RO         1230    i.STMFLASH_Write    stmflash.o
    0x08004cc8   0x00000026   Code   RO         1231    i.STMFLASH_Write_NoCheck  stmflash.o
    0x08004cee   0x00000002   PAD
    0x08004cf0   0x000000a8   Code   RO          291    i.SetSysClockTo72   system_stm32f10x.o
    0x08004d98   0x000000a4   Code   RO          593    i.Show_Font         text.o
    0x08004e3c   0x000000ae   Code   RO          594    i.Show_Str          text.o
    0x08004eea   0x00000018   Code   RO         1408    i.SysTick_CLKSourceConfig  misc.o
    0x08004f02   0x00000014   Code   RO         1265    i.SysTick_Handler   delay.o
    0x08004f16   0x00000002   PAD
    0x08004f18   0x00000050   Code   RO          293    i.SystemInit        system_stm32f10x.o
    0x08004f68   0x000003a0   Code   RO          546    i.TOUCH_key_v       show.o
    0x08005308   0x00000178   Code   RO         1005    i.TP_Adj_Info_Show  touch.o
    0x08005480   0x00000570   Code   RO         1006    i.TP_Adjust         touch.o
    0x080059f0   0x00000070   Code   RO         1008    i.TP_Drow_Touch_Point  touch.o
    0x08005a60   0x0000003c   Code   RO         1009    i.TP_Get_Adjdata    touch.o
    0x08005a9c   0x000000c0   Code   RO         1010    i.TP_Init           touch.o
    0x08005b5c   0x00000084   Code   RO         1011    i.TP_Read_AD        touch.o
    0x08005be0   0x00000060   Code   RO         1012    i.TP_Read_XOY       touch.o
    0x08005c40   0x00000028   Code   RO         1013    i.TP_Read_XY        touch.o
    0x08005c68   0x0000007c   Code   RO         1014    i.TP_Read_XY2       touch.o
    0x08005ce4   0x00000028   Code   RO         1015    i.TP_Save_Adjdata   touch.o
    0x08005d0c   0x000000b4   Code   RO         1016    i.TP_Scan           touch.o
    0x08005dc0   0x00000048   Code   RO         1017    i.TP_Write_Byte     touch.o
    0x08005e08   0x00000064   Code   RO         1342    i.USART1_IRQHandler  usart.o
    0x08005e6c   0x00000014   Code   RO         1782    i.USART_Cmd         stm32f10x_usart.o
    0x08005e80   0x0000000e   Code   RO         1785    i.USART_GetFlagStatus  stm32f10x_usart.o
    0x08005e8e   0x0000003e   Code   RO         1786    i.USART_GetITStatus  stm32f10x_usart.o
    0x08005ecc   0x00000030   Code   RO         1788    i.USART_ITConfig    stm32f10x_usart.o
    0x08005efc   0x000000ac   Code   RO         1789    i.USART_Init        stm32f10x_usart.o
    0x08005fa8   0x00000008   Code   RO         1796    i.USART_ReceiveData  stm32f10x_usart.o
    0x08005fb0   0x00000008   Code   RO         1799    i.USART_SendData    stm32f10x_usart.o
    0x08005fb8   0x00000002   Code   RO          225    i.UsageFault_Handler  stm32f10x_it.o
    0x08005fba   0x00000002   PAD
    0x08005fbc   0x00000058   Code   RO          637    i.W25QXX_Init       w25qxx.o
    0x08006014   0x00000050   Code   RO          639    i.W25QXX_Read       w25qxx.o
    0x08006064   0x00000044   Code   RO          640    i.W25QXX_ReadID     w25qxx.o
    0x080060a8   0x00000002   Code   RO         1343    i._sys_exit         usart.o
    0x080060aa   0x00000002   PAD
    0x080060ac   0x00000064   Code   RO         5307    i.control_init      contral_task.o
    0x08006110   0x000000dc   Code   RO         5308    i.control_task      contral_task.o
    0x080061ec   0x00000130   Code   RO         5309    i.data_collection   contral_task.o
    0x0800631c   0x00000048   Code   RO         1266    i.delay_init        delay.o
    0x08006364   0x00000038   Code   RO         1267    i.delay_ms          delay.o
    0x0800639c   0x00000034   Code   RO         1268    i.delay_us          delay.o
    0x080063d0   0x00000040   Code   RO          650    i.font_init         w25qxx.o
    0x08006410   0x00000018   Code   RO         1344    i.fputc             usart.o
    0x08006428   0x0000001c   Code   RO            1    i.led0_task         main.o
    0x08006444   0x00000024   Code   RO            2    i.led1_task         main.o
    0x08006468   0x00000064   Code   RO            3    i.main              main.o
    0x080064cc   0x00000070   Code   RO         4715    i.prvAddCurrentTaskToDelayedList  tasks.o
    0x0800653c   0x000000d0   Code   RO         4716    i.prvAddNewTaskToReadyList  tasks.o
    0x0800660c   0x00000050   Code   RO         5060    i.prvCheckForValidListAndQueue  timers.o
    0x0800665c   0x00000054   Code   RO         4717    i.prvCheckTasksWaitingTermination  tasks.o
    0x080066b0   0x00000026   Code   RO         4500    i.prvCopyDataFromQueue  queue.o
    0x080066d6   0x0000006c   Code   RO         4501    i.prvCopyDataToQueue  queue.o
    0x08006742   0x00000014   Code   RO         4718    i.prvDeleteTCB      tasks.o
    0x08006756   0x00000002   PAD
    0x08006758   0x0000004c   Code   RO         5180    i.prvHeapInit       heap_4.o
    0x080067a4   0x00000028   Code   RO         4719    i.prvIdleTask       tasks.o
    0x080067cc   0x000000c0   Code   RO         4720    i.prvInitialiseNewTask  tasks.o
    0x0800688c   0x0000004c   Code   RO         5181    i.prvInsertBlockIntoFreeList  heap_4.o
    0x080068d8   0x00000038   Code   RO         5061    i.prvInsertTimerInActiveList  timers.o
    0x08006910   0x0000001a   Code   RO         4502    i.prvIsQueueEmpty   queue.o
    0x0800692a   0x00000002   PAD
    0x0800692c   0x00000090   Code   RO         4503    i.prvNotifyQueueSetContainer  queue.o
    0x080069bc   0x00000060   Code   RO         5062    i.prvProcessExpiredTimer  timers.o
    0x08006a1c   0x000000f0   Code   RO         5063    i.prvProcessReceivedCommands  timers.o
    0x08006b0c   0x0000006c   Code   RO         5064    i.prvProcessTimerOrBlockTask  timers.o
    0x08006b78   0x00000020   Code   RO         4722    i.prvResetNextTaskUnblockTime  tasks.o
    0x08006b98   0x00000028   Code   RO         5065    i.prvSampleTimeNow  timers.o
    0x08006bc0   0x0000006c   Code   RO         5066    i.prvSwitchTimerLists  timers.o
    0x08006c2c   0x00000064   Code   RO         5230    i.prvTaskExitError  port.o
    0x08006c90   0x00000028   Code   RO         5067    i.prvTimerTask      timers.o
    0x08006cb8   0x00000078   Code   RO         4504    i.prvUnlockQueue    queue.o
    0x08006d30   0x00000114   Code   RO         5182    i.pvPortMalloc      heap_4.o
    0x08006e44   0x00000018   Code   RO         4724    i.pvTaskIncrementMutexHeldCount  tasks.o
    0x08006e5c   0x00000024   Code   RO         5231    i.pxPortInitialiseStack  port.o
    0x08006e80   0x00000026   Code   RO            4    i.scan_task         main.o
    0x08006ea6   0x0000004c   Code   RO         5491    i.sqrt              m_ws.l(sqrt.o)
    0x08006ef2   0x00000002   PAD
    0x08006ef4   0x00000098   Code   RO            5    i.start_task        main.o
    0x08006f8c   0x000000ec   Code   RO         5345    i.transfer          transfer.o
    0x08007078   0x000000a0   Code   RO         1345    i.uart_init         usart.o
    0x08007118   0x00000024   Code   RO         4463    i.uxListRemove      list.o
    0x0800713c   0x00000016   Code   RO         4464    i.vListInitialise   list.o
    0x08007152   0x00000006   Code   RO         4465    i.vListInitialiseItem  list.o
    0x08007158   0x00000030   Code   RO         4466    i.vListInsert       list.o
    0x08007188   0x00000018   Code   RO         4467    i.vListInsertEnd    list.o
    0x080071a0   0x00000078   Code   RO         5233    i.vPortEnterCritical  port.o
    0x08007218   0x00000064   Code   RO         5234    i.vPortExitCritical  port.o
    0x0800727c   0x0000009c   Code   RO         5183    i.vPortFree         heap_4.o
    0x08007318   0x00000020   Code   RO         5235    i.vPortSetupTimerInterrupt  port.o
    0x08007338   0x0000008c   Code   RO         5236    i.vPortValidateInterruptPriority  port.o
    0x080073c4   0x00000024   Code   RO         4510    i.vQueueAddToRegistry  queue.o
    0x080073e8   0x00000044   Code   RO         4514    i.vQueueWaitForMessageRestricted  queue.o
    0x0800742c   0x0000006c   Code   RO         4732    i.vTaskDelay        tasks.o
    0x08007498   0x000000cc   Code   RO         4734    i.vTaskDelete       tasks.o
    0x08007564   0x0000000c   Code   RO         4738    i.vTaskMissedYield  tasks.o
    0x08007570   0x00000054   Code   RO         4740    i.vTaskPlaceOnEventList  tasks.o
    0x080075c4   0x0000005c   Code   RO         4741    i.vTaskPlaceOnEventListRestricted  tasks.o
    0x08007620   0x00000084   Code   RO         4743    i.vTaskPriorityInherit  tasks.o
    0x080076a4   0x00000048   Code   RO         4747    i.vTaskSetTimeOutState  tasks.o
    0x080076ec   0x00000094   Code   RO         4748    i.vTaskStartScheduler  tasks.o
    0x08007780   0x00000010   Code   RO         4750    i.vTaskSuspendAll   tasks.o
    0x08007790   0x0000007c   Code   RO         4751    i.vTaskSwitchContext  tasks.o
    0x0800780c   0x00000036   Code   RO         5310    i.voltage_control   contral_task.o
    0x08007842   0x00000002   PAD
    0x08007844   0x00000078   Code   RO         5237    i.xPortStartScheduler  port.o
    0x080078bc   0x0000002c   Code   RO         5238    i.xPortSysTickHandler  port.o
    0x080078e8   0x00000078   Code   RO         4519    i.xQueueGenericCreate  queue.o
    0x08007960   0x00000184   Code   RO         4520    i.xQueueGenericReceive  queue.o
    0x08007ae4   0x000000a8   Code   RO         4521    i.xQueueGenericReset  queue.o
    0x08007b8c   0x00000188   Code   RO         4522    i.xQueueGenericSend  queue.o
    0x08007d14   0x000000e0   Code   RO         4523    i.xQueueGenericSendFromISR  queue.o
    0x08007df4   0x00000088   Code   RO         4752    i.xTaskCheckForTimeOut  tasks.o
    0x08007e7c   0x00000056   Code   RO         4753    i.xTaskCreate       tasks.o
    0x08007ed2   0x00000002   PAD
    0x08007ed4   0x0000001c   Code   RO         4757    i.xTaskGetSchedulerState  tasks.o
    0x08007ef0   0x0000000c   Code   RO         4758    i.xTaskGetTickCount  tasks.o
    0x08007efc   0x000000e8   Code   RO         4760    i.xTaskIncrementTick  tasks.o
    0x08007fe4   0x000000b4   Code   RO         4763    i.xTaskPriorityDisinherit  tasks.o
    0x08008098   0x00000098   Code   RO         4764    i.xTaskRemoveFromEventList  tasks.o
    0x08008130   0x000000e4   Code   RO         4766    i.xTaskResumeAll    tasks.o
    0x08008214   0x00000074   Code   RO         5070    i.xTimerCreate      timers.o
    0x08008288   0x00000074   Code   RO         5071    i.xTimerCreateTimerTask  timers.o
    0x080082fc   0x00000090   Code   RO         5072    i.xTimerGenericCommand  timers.o
    0x0800838c   0x00000018   Code   RO         5518    x$fpl$dcmpinf       fz_ws.l(dcmpi.o)
    0x080083a4   0x0000005a   Code   RO         5444    x$fpl$dfixu         fz_ws.l(dfixu.o)
    0x080083fe   0x00000026   Code   RO         5448    x$fpl$dfltu         fz_ws.l(dflt_clz.o)
    0x08008424   0x00000078   Code   RO         5454    x$fpl$dleqf         fz_ws.l(dleqf.o)
    0x0800849c   0x00000154   Code   RO         5456    x$fpl$dmul          fz_ws.l(dmul.o)
    0x080085f0   0x0000009c   Code   RO         5520    x$fpl$dnaninf       fz_ws.l(dnaninf.o)
    0x0800868c   0x0000000c   Code   RO         5522    x$fpl$dretinf       fz_ws.l(dretinf.o)
    0x08008698   0x0000006c   Code   RO         5458    x$fpl$drleqf        fz_ws.l(drleqf.o)
    0x08008704   0x000001cc   Code   RO         5524    x$fpl$dsqrt         fz_ws.l(dsqrt_noumaal.o)
    0x080088d0   0x00000056   Code   RO         5460    x$fpl$f2d           fz_ws.l(f2d.o)
    0x08008926   0x00000002   PAD
    0x08008928   0x000000c4   Code   RO         5462    x$fpl$fadd          fz_ws.l(faddsub_clz.o)
    0x080089ec   0x0000000c   Code   RO         5526    x$fpl$fcheck1       fz_ws.l(fcheck1.o)
    0x080089f8   0x00000184   Code   RO         5469    x$fpl$fdiv          fz_ws.l(fdiv.o)
    0x08008b7c   0x00000036   Code   RO         5472    x$fpl$ffix          fz_ws.l(ffix.o)
    0x08008bb2   0x00000002   PAD
    0x08008bb4   0x0000003e   Code   RO         5476    x$fpl$ffixu         fz_ws.l(ffixu.o)
    0x08008bf2   0x00000002   PAD
    0x08008bf4   0x00000030   Code   RO         5481    x$fpl$fflt          fz_ws.l(fflt_clz.o)
    0x08008c24   0x00000026   Code   RO         5480    x$fpl$ffltu         fz_ws.l(fflt_clz.o)
    0x08008c4a   0x00000002   PAD
    0x08008c4c   0x00000102   Code   RO         5486    x$fpl$fmul          fz_ws.l(fmul.o)
    0x08008d4e   0x0000008c   Code   RO         5528    x$fpl$fnaninf       fz_ws.l(fnaninf.o)
    0x08008dda   0x0000000a   Code   RO         5530    x$fpl$fretinf       fz_ws.l(fretinf.o)
    0x08008de4   0x000000ea   Code   RO         5464    x$fpl$fsub          fz_ws.l(faddsub_clz.o)
    0x08008ece   0x00000064   Code   RO         5559    x$fpl$retnan        fz_ws.l(retnan.o)
    0x08008f32   0x0000004c   Code   RO         5488    x$fpl$scalbnf       fz_ws.l(scalbnf.o)
    0x08008f7e   0x00000030   Code   RO         5574    x$fpl$trapveneer    fz_ws.l(trapv.o)
    0x08008fae   0x00000000   Code   RO         5532    x$fpl$usenofp       fz_ws.l(usenofp.o)
    0x08008fae   0x000017c0   Data   RO          364    .constdata          lcd.o
    0x0800a76e   0x00000002   PAD
    0x0800a770   0x00000004   Data   RO         1018    .constdata          touch.o
    0x0800a774   0x00000028   Data   RO         5379    .constdata          c_w.l(_printf_hex_int.o)
    0x0800a79c   0x00000079   Data   RO         1019    .conststring        touch.o
    0x0800a815   0x00000003   PAD
    0x0800a818   0x00000020   Data   RO         5695    Region$$Table       anon$$obj.o


    Execution Region ER_RW (Base: 0x20000000, Size: 0x00000104, Max: 0xffffffff, ABSOLUTE)

    Base Addr    Size         Type   Attr      Idx    E Section Name        Object

    0x20000000   0x00000001   Data   RW            6    .data               main.o
    0x20000001   0x00000003   PAD
    0x20000004   0x00000014   Data   RW            7    .data               main.o
    0x20000018   0x00000014   Data   RW          294    .data               system_stm32f10x.o
    0x2000002c   0x00000004   Data   RW          365    .data               lcd.o
    0x20000030   0x00000004   Data   RW          547    .data               show.o
    0x20000034   0x00000002   Data   RW          652    .data               w25qxx.o
    0x20000036   0x00000002   PAD
    0x20000038   0x00000038   Data   RW         1020    .data               touch.o
    0x20000070   0x00000004   Data   RW         1270    .data               delay.o
    0x20000074   0x00000002   Data   RW         1347    .data               usart.o
    0x20000076   0x00000002   PAD
    0x20000078   0x00000004   Data   RW         1348    .data               usart.o
    0x2000007c   0x00000014   Data   RW         1610    .data               stm32f10x_rcc.o
    0x20000090   0x0000003c   Data   RW         4769    .data               tasks.o
    0x200000cc   0x00000014   Data   RW         5080    .data               timers.o
    0x200000e0   0x00000018   Data   RW         5188    .data               heap_4.o
    0x200000f8   0x0000000c   Data   RW         5239    .data               port.o


    Execution Region ER_ZI (Base: 0x20000104, Size: 0x000062a4, Max: 0xffffffff, ABSOLUTE)

    Base Addr    Size         Type   Attr      Idx    E Section Name        Object

    0x20000104   0x0000000e   Zero   RW          363    .bss                lcd.o
    0x20000112   0x00000021   Zero   RW          596    .bss                text.o
    0x20000133   0x00000001   PAD
    0x20000134   0x00000800   Zero   RW         1233    .bss                stmflash.o
    0x20000934   0x000000c8   Zero   RW         1346    .bss                usart.o
    0x200009fc   0x00000040   Zero   RW         4534    .bss                queue.o
    0x20000a3c   0x000002e4   Zero   RW         4768    .bss                tasks.o
    0x20000d20   0x00000028   Zero   RW         5079    .bss                timers.o
    0x20000d48   0x00005000   Zero   RW         5187    .bss                heap_4.o
    0x20005d48   0x00000060   Zero   RW         5562    .bss                c_w.l(libspace.o)
    0x20005da8   0x00000200   Zero   RW         1398    HEAP                startup_stm32f10x_hd.o
    0x20005fa8   0x00000400   Zero   RW         1397    STACK               startup_stm32f10x_hd.o


==============================================================================

Image component sizes


      Code (inc. data)   RO Data    RW Data    ZI Data      Debug   Object Name

         4          0          0          0          0        387   24cxx.o
       188         16          0          0          0       1017   adc.o
       678         84          0          0          0       3077   contral_task.o
       200         20          0          4          0       2065   delay.o
         0          0          0          0          0      10168   event_groups.o
       584        138          0         24      20480       3415   heap_4.o
     14438        178       6080          4         14      54634   lcd.o
        80         10          0          0          0        467   led.o
       136          0          0          0          0       2574   list.o
       354         84          0         21          0     277149   main.o
       144         16          0          0          0       1789   misc.o
        52          4          0          0          0        455   myiic.o
       316         38          0          0          0       1966   myiicg.o
       842        312          0         12          0       9509   port.o
      1832        236          0          0         64      10469   queue.o
      1444        228          0          4          0       2444   show.o
       256         18          0          0          0       1569   spi.o
        64         26        304          0       1536        760   startup_stm32f10x_hd.o
       364         22          0          0          0       7594   stm32f10x_adc.o
       226         30          0          0          0       4747   stm32f10x_flash.o
       232          6          0          0          0       1681   stm32f10x_fsmc.o
       160          0          0          0          0       2139   stm32f10x_gpio.o
        12          0          0          0          0       2221   stm32f10x_it.o
       264         46          0         20          0       5606   stm32f10x_rcc.o
        98          0          0          0          0       3370   stm32f10x_spi.o
       332          6          0          0          0       5341   stm32f10x_usart.o
       254          6          0          0       2048       2597   stmflash.o
         0          0          0          0          0         32   sys.o
       248         24          0         20          0       1565   system_stm32f10x.o
      2758        670          0         60        740      26143   tasks.o
       478         16          0          0         33       3551   text.o
      1144        260          0         20         40       8042   timers.o
      2816        208        125         56          0       9151   touch.o
       236         20          0          0          0        647   transfer.o
       286         26          0          6        200       3792   usart.o
       300         28          0          2          0       3074   w25qxx.o

    ----------------------------------------------------------------------
     31848       2776       6546        260      25156     475207   Object Totals
         0          0         32          0          0          0   (incl. Generated)
        28          0          5          7          1          0   (incl. Padding)

    ----------------------------------------------------------------------

      Code (inc. data)   RO Data    RW Data    ZI Data      Debug   Library Member Name

         8          0          0          0          0         68   __main.o
       104          0          0          0          0         84   __printf.o
         0          0          0          0          0          0   __rtentry.o
        12          0          0          0          0          0   __rtentry2.o
         6          0          0          0          0          0   __rtentry4.o
        52          8          0          0          0          0   __scatter.o
        26          0          0          0          0          0   __scatter_copy.o
        28          0          0          0          0          0   __scatter_zi.o
        44          0          0          0          0        108   _printf_char.o
        48          6          0          0          0         96   _printf_char_common.o
        36          4          0          0          0         80   _printf_char_file.o
         6          0          0          0          0          0   _printf_d.o
       120         16          0          0          0         92   _printf_dec.o
        88          4         40          0          0         88   _printf_hex_int.o
       178          0          0          0          0         88   _printf_intcommon.o
         0          0          0          0          0          0   _printf_percent.o
         4          0          0          0          0          0   _printf_percent_end.o
         6          0          0          0          0          0   _printf_s.o
        82          0          0          0          0         80   _printf_str.o
         6          0          0          0          0          0   _printf_x.o
        22          0          0          0          0        100   _rserrno.o
        16          0          0          0          0         68   aeabi_memset.o
        12          0          0          0          0         72   exit.o
         8          0          0          0          0         68   ferror.o
         6          0          0          0          0        152   heapauxi.o
         2          0          0          0          0          0   libinit.o
         2          0          0          0          0          0   libinit2.o
         2          0          0          0          0          0   libshutdown.o
         2          0          0          0          0          0   libshutdown2.o
         8          4          0          0         96         68   libspace.o
        24          4          0          0          0         84   noretval__2printf.o
         8          4          0          0          0         68   rt_errno_addr_intlibspace.o
        68          0          0          0          0         68   rt_memclr.o
        78          0          0          0          0         80   rt_memclr_w.o
       138          0          0          0          0         68   rt_memcpy_v6.o
       100          0          0          0          0         80   rt_memcpy_w.o
         2          0          0          0          0          0   rtexit.o
        10          0          0          0          0          0   rtexit2.o
        74          0          0          0          0         80   sys_stackheap_outer.o
         2          0          0          0          0         68   use_no_semi.o
         2          0          0          0          0         68   use_no_semi_2.o
        24          0          0          0          0         68   dcmpi.o
        90          4          0          0          0         92   dfixu.o
        38          0          0          0          0         68   dflt_clz.o
       120          4          0          0          0         92   dleqf.o
       340         12          0          0          0        104   dmul.o
       156          4          0          0          0         92   dnaninf.o
        12          0          0          0          0         68   dretinf.o
       108          0          0          0          0         80   drleqf.o
       460         56          0          0          0        120   dsqrt_noumaal.o
        86          4          0          0          0         84   f2d.o
       430          8          0          0          0        168   faddsub_clz.o
        12          4          0          0          0         68   fcheck1.o
       388         76          0          0          0         96   fdiv.o
        54          4          0          0          0         84   ffix.o
        62          4          0          0          0         84   ffixu.o
        86          0          0          0          0        136   fflt_clz.o
       258          4          0          0          0         84   fmul.o
       140          4          0          0          0         84   fnaninf.o
        10          0          0          0          0         68   fretinf.o
       100          0          0          0          0         68   retnan.o
        76          0          0          0          0         68   scalbnf.o
        48          0          0          0          0         68   trapv.o
         0          0          0          0          0          0   usenofp.o
        76          0          0          0          0         84   sqrt.o

    ----------------------------------------------------------------------
      4630        238         40          0         96       4004   Library Totals
        16          0          0          0          0          0   (incl. Padding)

    ----------------------------------------------------------------------

      Code (inc. data)   RO Data    RW Data    ZI Data      Debug   Library Name

      1440         50         40          0         96       1976   c_w.l
      3098        188          0          0          0       1944   fz_ws.l
        76          0          0          0          0         84   m_ws.l

    ----------------------------------------------------------------------
      4630        238         40          0         96       4004   Library Totals

    ----------------------------------------------------------------------

==============================================================================


      Code (inc. data)   RO Data    RW Data    ZI Data      Debug   

     36478       3014       6586        260      25252     467247   Grand Totals
     36478       3014       6586        260      25252     467247   ELF Image Totals
     36478       3014       6586        260          0          0   ROM Totals

==============================================================================

    Total RO  Size (Code + RO Data)                43064 (  42.05kB)
    Total RW  Size (RW Data + ZI Data)             25512 (  24.91kB)
    Total ROM Size (Code + RO Data + RW Data)      43324 (  42.31kB)

==============================================================================

